<?xml version="1.0"?>
<link_info>
   <banner>TMS320C2000 Linker PC v16.9.1.LTS</banner>
   <copyright>Copyright (c) 1996-2015 Texas Instruments Incorporated</copyright>
   <link_time>0x58ab6723</link_time>
   <link_errors>0x0</link_errors>
   <output_file>F28027_ResampledPWM_FOH.out</output_file>
   <entry_point>
      <name>_c_int00</name>
      <address>0x85f2</address>
   </entry_point>
   <input_file_list>
      <input_file id="fl-2">
         <path>.\</path>
         <kind>object</kind>
         <file>ADC.obj</file>
         <name>ADC.obj</name>
      </input_file>
      <input_file id="fl-3">
         <path>.\</path>
         <kind>object</kind>
         <file>CMPA_calc.obj</file>
         <name>CMPA_calc.obj</name>
      </input_file>
      <input_file id="fl-4">
         <path>.\</path>
         <kind>object</kind>
         <file>main.obj</file>
         <name>main.obj</name>
      </input_file>
      <input_file id="fl-5">
         <path>.\</path>
         <kind>object</kind>
         <file>pwm.obj</file>
         <name>pwm.obj</name>
      </input_file>
      <input_file id="fl-6">
         <path>.\</path>
         <kind>object</kind>
         <file>timer.obj</file>
         <name>timer.obj</name>
      </input_file>
      <input_file id="fl-7">
         <path>.\DSP2802x_common\source\</path>
         <kind>object</kind>
         <file>DSP2802x_Adc.obj</file>
         <name>DSP2802x_Adc.obj</name>
      </input_file>
      <input_file id="fl-8">
         <path>.\DSP2802x_common\source\</path>
         <kind>object</kind>
         <file>DSP2802x_CSMPasswords.obj</file>
         <name>DSP2802x_CSMPasswords.obj</name>
      </input_file>
      <input_file id="fl-9">
         <path>.\DSP2802x_common\source\</path>
         <kind>object</kind>
         <file>DSP2802x_CodeStartBranch.obj</file>
         <name>DSP2802x_CodeStartBranch.obj</name>
      </input_file>
      <input_file id="fl-a">
         <path>.\DSP2802x_common\source\</path>
         <kind>object</kind>
         <file>DSP2802x_Comp.obj</file>
         <name>DSP2802x_Comp.obj</name>
      </input_file>
      <input_file id="fl-b">
         <path>.\DSP2802x_common\source\</path>
         <kind>object</kind>
         <file>DSP2802x_CpuTimers.obj</file>
         <name>DSP2802x_CpuTimers.obj</name>
      </input_file>
      <input_file id="fl-c">
         <path>.\DSP2802x_common\source\</path>
         <kind>object</kind>
         <file>DSP2802x_DBGIER.obj</file>
         <name>DSP2802x_DBGIER.obj</name>
      </input_file>
      <input_file id="fl-d">
         <path>.\DSP2802x_common\source\</path>
         <kind>object</kind>
         <file>DSP2802x_DisInt.obj</file>
         <name>DSP2802x_DisInt.obj</name>
      </input_file>
      <input_file id="fl-e">
         <path>.\DSP2802x_common\source\</path>
         <kind>object</kind>
         <file>DSP2802x_ECap.obj</file>
         <name>DSP2802x_ECap.obj</name>
      </input_file>
      <input_file id="fl-f">
         <path>.\DSP2802x_common\source\</path>
         <kind>object</kind>
         <file>DSP2802x_EPwm.obj</file>
         <name>DSP2802x_EPwm.obj</name>
      </input_file>
      <input_file id="fl-10">
         <path>.\DSP2802x_common\source\</path>
         <kind>object</kind>
         <file>DSP2802x_Gpio.obj</file>
         <name>DSP2802x_Gpio.obj</name>
      </input_file>
      <input_file id="fl-11">
         <path>.\DSP2802x_common\source\</path>
         <kind>object</kind>
         <file>DSP2802x_I2C.obj</file>
         <name>DSP2802x_I2C.obj</name>
      </input_file>
      <input_file id="fl-12">
         <path>.\DSP2802x_common\source\</path>
         <kind>object</kind>
         <file>DSP2802x_MemCopy.obj</file>
         <name>DSP2802x_MemCopy.obj</name>
      </input_file>
      <input_file id="fl-13">
         <path>.\DSP2802x_common\source\</path>
         <kind>object</kind>
         <file>DSP2802x_OscComp.obj</file>
         <name>DSP2802x_OscComp.obj</name>
      </input_file>
      <input_file id="fl-14">
         <path>.\DSP2802x_common\source\</path>
         <kind>object</kind>
         <file>DSP2802x_PieCtrl.obj</file>
         <name>DSP2802x_PieCtrl.obj</name>
      </input_file>
      <input_file id="fl-15">
         <path>.\DSP2802x_common\source\</path>
         <kind>object</kind>
         <file>DSP2802x_SWPrioritizedDefaultIsr.obj</file>
         <name>DSP2802x_SWPrioritizedDefaultIsr.obj</name>
      </input_file>
      <input_file id="fl-16">
         <path>.\DSP2802x_common\source\</path>
         <kind>object</kind>
         <file>DSP2802x_SWPrioritizedPieVect.obj</file>
         <name>DSP2802x_SWPrioritizedPieVect.obj</name>
      </input_file>
      <input_file id="fl-17">
         <path>.\DSP2802x_common\source\</path>
         <kind>object</kind>
         <file>DSP2802x_Sci.obj</file>
         <name>DSP2802x_Sci.obj</name>
      </input_file>
      <input_file id="fl-18">
         <path>.\DSP2802x_common\source\</path>
         <kind>object</kind>
         <file>DSP2802x_Spi.obj</file>
         <name>DSP2802x_Spi.obj</name>
      </input_file>
      <input_file id="fl-19">
         <path>.\DSP2802x_common\source\</path>
         <kind>object</kind>
         <file>DSP2802x_SysCtrl.obj</file>
         <name>DSP2802x_SysCtrl.obj</name>
      </input_file>
      <input_file id="fl-1a">
         <path>.\DSP2802x_common\source\</path>
         <kind>object</kind>
         <file>DSP2802x_TempSensorConv.obj</file>
         <name>DSP2802x_TempSensorConv.obj</name>
      </input_file>
      <input_file id="fl-1b">
         <path>.\DSP2802x_common\source\</path>
         <kind>object</kind>
         <file>DSP2802x_usDelay.obj</file>
         <name>DSP2802x_usDelay.obj</name>
      </input_file>
      <input_file id="fl-1c">
         <path>.\DSP2802x_headers\source\</path>
         <kind>object</kind>
         <file>DSP2802x_GlobalVariableDefs.obj</file>
         <name>DSP2802x_GlobalVariableDefs.obj</name>
      </input_file>
      <input_file id="fl-2f">
         <path>C:\ti\ccsv7\tools\compiler\ti-cgt-c2000_16.9.1.LTS\lib\</path>
         <kind>archive</kind>
         <file>rts2800_ml.lib</file>
         <name>boot28.obj</name>
      </input_file>
      <input_file id="fl-30">
         <path>C:\ti\ccsv7\tools\compiler\ti-cgt-c2000_16.9.1.LTS\lib\</path>
         <kind>archive</kind>
         <file>rts2800_ml.lib</file>
         <name>cpy_tbl.obj</name>
      </input_file>
      <input_file id="fl-31">
         <path>C:\ti\ccsv7\tools\compiler\ti-cgt-c2000_16.9.1.LTS\lib\</path>
         <kind>archive</kind>
         <file>rts2800_ml.lib</file>
         <name>exit.obj</name>
      </input_file>
      <input_file id="fl-32">
         <path>C:\ti\ccsv7\tools\compiler\ti-cgt-c2000_16.9.1.LTS\lib\</path>
         <kind>archive</kind>
         <file>rts2800_ml.lib</file>
         <name>fs_mpy28.obj</name>
      </input_file>
      <input_file id="fl-33">
         <path>C:\ti\ccsv7\tools\compiler\ti-cgt-c2000_16.9.1.LTS\lib\</path>
         <kind>archive</kind>
         <file>rts2800_ml.lib</file>
         <name>fs_tol28.obj</name>
      </input_file>
      <input_file id="fl-34">
         <path>C:\ti\ccsv7\tools\compiler\ti-cgt-c2000_16.9.1.LTS\lib\</path>
         <kind>archive</kind>
         <file>rts2800_ml.lib</file>
         <name>l_div28.obj</name>
      </input_file>
      <input_file id="fl-35">
         <path>C:\ti\ccsv7\tools\compiler\ti-cgt-c2000_16.9.1.LTS\lib\</path>
         <kind>archive</kind>
         <file>rts2800_ml.lib</file>
         <name>memcpy.obj</name>
      </input_file>
      <input_file id="fl-36">
         <path>C:\ti\ccsv7\tools\compiler\ti-cgt-c2000_16.9.1.LTS\lib\</path>
         <kind>archive</kind>
         <file>rts2800_ml.lib</file>
         <name>pre_init.obj</name>
      </input_file>
      <input_file id="fl-37">
         <path>C:\ti\ccsv7\tools\compiler\ti-cgt-c2000_16.9.1.LTS\lib\</path>
         <kind>archive</kind>
         <file>rts2800_ml.lib</file>
         <name>startup.obj</name>
      </input_file>
      <input_file id="fl-38">
         <path>C:\ti\ccsv7\tools\compiler\ti-cgt-c2000_16.9.1.LTS\lib\</path>
         <kind>archive</kind>
         <file>rts2800_ml.lib</file>
         <name>_lock.obj</name>
      </input_file>
      <input_file id="fl-39">
         <path>C:\ti\ccsv7\tools\compiler\ti-cgt-c2000_16.9.1.LTS\lib\</path>
         <kind>archive</kind>
         <file>rts2800_ml.lib</file>
         <name>args_main.obj</name>
      </input_file>
   </input_file_list>
   <object_component_list>
      <object_component id="oc-59">
         <name>codestart</name>
         <load_address>0x0</load_address>
         <run_address>0x0</run_address>
         <size>0x2</size>
         <input_file_ref idref="fl-9"/>
      </object_component>
      <object_component id="oc-3d">
         <name>ramfuncs:retain</name>
         <load_address>0x50</load_address>
         <run_address>0x50</run_address>
         <size>0x11e</size>
         <input_file_ref idref="fl-3"/>
      </object_component>
      <object_component id="oc-35">
         <name>ramfuncs:retain</name>
         <load_address>0x16e</load_address>
         <run_address>0x16e</run_address>
         <size>0x9</size>
         <input_file_ref idref="fl-2"/>
      </object_component>
      <object_component id="oc-b5">
         <name>ramfuncs</name>
         <load_address>0x177</load_address>
         <run_address>0x177</run_address>
         <size>0x4</size>
         <input_file_ref idref="fl-1b"/>
      </object_component>
      <object_component id="oc-97">
         <name>.text:retain</name>
         <load_address>0x8000</load_address>
         <run_address>0x8000</run_address>
         <size>0x2f8</size>
         <input_file_ref idref="fl-15"/>
      </object_component>
      <object_component id="oc-120">
         <name>.text</name>
         <load_address>0x82f8</load_address>
         <run_address>0x82f8</run_address>
         <size>0x130</size>
         <input_file_ref idref="fl-19"/>
      </object_component>
      <object_component id="oc-125">
         <name>.text</name>
         <load_address>0x8428</load_address>
         <run_address>0x8428</run_address>
         <size>0x102</size>
         <input_file_ref idref="fl-5"/>
      </object_component>
      <object_component id="oc-126">
         <name>.text</name>
         <load_address>0x852a</load_address>
         <run_address>0x852a</run_address>
         <size>0x6e</size>
         <input_file_ref idref="fl-2"/>
      </object_component>
      <object_component id="oc-ef">
         <name>.text</name>
         <load_address>0x8598</load_address>
         <run_address>0x8598</run_address>
         <size>0x5a</size>
         <input_file_ref idref="fl-32"/>
      </object_component>
      <object_component id="oc-33">
         <name>.text</name>
         <load_address>0x85f2</load_address>
         <run_address>0x85f2</run_address>
         <size>0x54</size>
         <input_file_ref idref="fl-2f"/>
      </object_component>
      <object_component id="oc-f9">
         <name>.text</name>
         <load_address>0x8646</load_address>
         <run_address>0x8646</run_address>
         <size>0x2a</size>
         <input_file_ref idref="fl-34"/>
      </object_component>
      <object_component id="oc-11b">
         <name>.text</name>
         <load_address>0x8670</load_address>
         <run_address>0x8670</run_address>
         <size>0x29</size>
         <input_file_ref idref="fl-31"/>
      </object_component>
      <object_component id="oc-f4">
         <name>.text</name>
         <load_address>0x8699</load_address>
         <run_address>0x8699</run_address>
         <size>0x29</size>
         <input_file_ref idref="fl-33"/>
      </object_component>
      <object_component id="oc-122">
         <name>.text</name>
         <load_address>0x86c2</load_address>
         <run_address>0x86c2</run_address>
         <size>0x28</size>
         <input_file_ref idref="fl-14"/>
      </object_component>
      <object_component id="oc-123">
         <name>.text</name>
         <load_address>0x86ea</load_address>
         <run_address>0x86ea</run_address>
         <size>0x26</size>
         <input_file_ref idref="fl-16"/>
      </object_component>
      <object_component id="oc-118">
         <name>.text</name>
         <load_address>0x8710</load_address>
         <run_address>0x8710</run_address>
         <size>0x24</size>
         <input_file_ref idref="fl-30"/>
      </object_component>
      <object_component id="oc-11d">
         <name>.text</name>
         <load_address>0x8734</load_address>
         <run_address>0x8734</run_address>
         <size>0x23</size>
         <input_file_ref idref="fl-4"/>
      </object_component>
      <object_component id="oc-11c">
         <name>.text</name>
         <load_address>0x8757</load_address>
         <run_address>0x8757</run_address>
         <size>0x1d</size>
         <input_file_ref idref="fl-35"/>
      </object_component>
      <object_component id="oc-11a">
         <name>.text</name>
         <load_address>0x8774</load_address>
         <run_address>0x8774</run_address>
         <size>0x19</size>
         <input_file_ref idref="fl-39"/>
      </object_component>
      <object_component id="oc-121">
         <name>.text</name>
         <load_address>0x878d</load_address>
         <run_address>0x878d</run_address>
         <size>0x13</size>
         <input_file_ref idref="fl-10"/>
      </object_component>
      <object_component id="oc-124">
         <name>.text</name>
         <load_address>0x87a0</load_address>
         <run_address>0x87a0</run_address>
         <size>0xf</size>
         <input_file_ref idref="fl-3"/>
      </object_component>
      <object_component id="oc-127">
         <name>.text</name>
         <load_address>0x87af</load_address>
         <run_address>0x87af</run_address>
         <size>0x9</size>
         <input_file_ref idref="fl-38"/>
      </object_component>
      <object_component id="oc-58">
         <name>.text</name>
         <load_address>0x87b8</load_address>
         <run_address>0x87b8</run_address>
         <size>0x8</size>
         <input_file_ref idref="fl-9"/>
      </object_component>
      <object_component id="oc-6e">
         <name>.text</name>
         <load_address>0x87c0</load_address>
         <run_address>0x87c0</run_address>
         <size>0x7</size>
         <input_file_ref idref="fl-d"/>
      </object_component>
      <object_component id="oc-69">
         <name>.text</name>
         <load_address>0x87c7</load_address>
         <run_address>0x87c7</run_address>
         <size>0x3</size>
         <input_file_ref idref="fl-c"/>
      </object_component>
      <object_component id="oc-117">
         <name>.text</name>
         <load_address>0x87ca</load_address>
         <run_address>0x87ca</run_address>
         <size>0x2</size>
         <input_file_ref idref="fl-36"/>
      </object_component>
      <object_component id="oc-119">
         <name>.text</name>
         <load_address>0x87cc</load_address>
         <run_address>0x87cc</run_address>
         <size>0x1</size>
         <input_file_ref idref="fl-37"/>
      </object_component>
      <object_component id="oc-e9">
         <name>.cinit</name>
         <load_address>0x17b</load_address>
         <run_address>0x17b</run_address>
         <size>0xe</size>
         <input_file_ref idref="fl-31"/>
      </object_component>
      <object_component id="oc-3b">
         <name>.cinit</name>
         <load_address>0x189</load_address>
         <run_address>0x189</run_address>
         <size>0x8</size>
         <input_file_ref idref="fl-3"/>
      </object_component>
      <object_component id="oc-11f">
         <name>.cinit:__lock</name>
         <load_address>0x191</load_address>
         <run_address>0x191</run_address>
         <size>0x5</size>
         <input_file_ref idref="fl-38"/>
      </object_component>
      <object_component id="oc-128">
         <name>.cinit:__unlock</name>
         <load_address>0x196</load_address>
         <run_address>0x196</run_address>
         <size>0x5</size>
         <input_file_ref idref="fl-38"/>
      </object_component>
      <object_component id="oc-de">
         <name>.reset</name>
         <load_address>0x3fffc0</load_address>
         <run_address>0x3fffc0</run_address>
         <size>0x2</size>
         <input_file_ref idref="fl-2f"/>
      </object_component>
      <object_component id="oc-dd">
         <name>.stack</name>
         <uninitialized>true</uninitialized>
         <run_address>0x400</run_address>
         <size>0x0</size>
         <input_file_ref idref="fl-2f"/>
      </object_component>
      <object_component id="oc-169">
         <name>.stack</name>
         <uninitialized>true</uninitialized>
         <run_address>0x400</run_address>
         <size>0x0</size>
      </object_component>
      <object_component id="oc-3c">
         <name>.ebss</name>
         <uninitialized>true</uninitialized>
         <run_address>0x8a1e</run_address>
         <size>0x2</size>
         <input_file_ref idref="fl-3"/>
      </object_component>
      <object_component id="oc-64">
         <name>.ebss</name>
         <uninitialized>true</uninitialized>
         <run_address>0x8a00</run_address>
         <size>0x18</size>
         <input_file_ref idref="fl-b"/>
      </object_component>
      <object_component id="oc-ea">
         <name>.ebss</name>
         <uninitialized>true</uninitialized>
         <run_address>0x8a18</run_address>
         <size>0x6</size>
         <input_file_ref idref="fl-31"/>
      </object_component>
      <object_component id="oc-12a">
         <name>.ebss:__unlock</name>
         <uninitialized>true</uninitialized>
         <run_address>0x8a22</run_address>
         <size>0x2</size>
         <input_file_ref idref="fl-38"/>
      </object_component>
      <object_component id="oc-11e">
         <name>.ebss:__lock</name>
         <uninitialized>true</uninitialized>
         <run_address>0x8a20</run_address>
         <size>0x2</size>
         <input_file_ref idref="fl-38"/>
      </object_component>
      <object_component id="oc-129">
         <name>.econst:_PieVectTableInit</name>
         <load_address>0x8900</load_address>
         <run_address>0x8900</run_address>
         <size>0x100</size>
         <input_file_ref idref="fl-16"/>
      </object_component>
      <object_component id="oc-db">
         <name>PieVectTableFile</name>
         <uninitialized>true</uninitialized>
         <run_address>0xd00</run_address>
         <size>0x100</size>
         <input_file_ref idref="fl-1c"/>
      </object_component>
      <object_component id="oc-bb">
         <name>EmuKeyVar</name>
         <uninitialized>true</uninitialized>
         <run_address>0xd00</run_address>
         <size>0x1</size>
         <input_file_ref idref="fl-1c"/>
      </object_component>
      <object_component id="oc-bd">
         <name>EmuBModeVar</name>
         <uninitialized>true</uninitialized>
         <run_address>0xd01</run_address>
         <size>0x1</size>
         <input_file_ref idref="fl-1c"/>
      </object_component>
      <object_component id="oc-bf">
         <name>FlashCallbackVar</name>
         <uninitialized>true</uninitialized>
         <run_address>0xd02</run_address>
         <size>0x2</size>
         <input_file_ref idref="fl-1c"/>
      </object_component>
      <object_component id="oc-be">
         <name>FlashScalingVar</name>
         <uninitialized>true</uninitialized>
         <run_address>0xd04</run_address>
         <size>0x2</size>
         <input_file_ref idref="fl-1c"/>
      </object_component>
      <object_component id="oc-c1">
         <name>DevEmuRegsFile</name>
         <uninitialized>true</uninitialized>
         <run_address>0x880</run_address>
         <size>0x4</size>
         <input_file_ref idref="fl-1c"/>
      </object_component>
      <object_component id="oc-c0">
         <name>SysPwrCtrlRegsFile</name>
         <uninitialized>true</uninitialized>
         <run_address>0x985</run_address>
         <size>0x3</size>
         <input_file_ref idref="fl-1c"/>
      </object_component>
      <object_component id="oc-c2">
         <name>FlashRegsFile</name>
         <uninitialized>true</uninitialized>
         <run_address>0xa80</run_address>
         <size>0x8</size>
         <input_file_ref idref="fl-1c"/>
      </object_component>
      <object_component id="oc-cb">
         <name>CsmRegsFile</name>
         <uninitialized>true</uninitialized>
         <run_address>0xae0</run_address>
         <size>0x10</size>
         <input_file_ref idref="fl-1c"/>
      </object_component>
      <object_component id="oc-d3">
         <name>AdcResultFile</name>
         <uninitialized>true</uninitialized>
         <run_address>0xb00</run_address>
         <size>0x20</size>
         <input_file_ref idref="fl-1c"/>
      </object_component>
      <object_component id="oc-c3">
         <name>CpuTimer0RegsFile</name>
         <uninitialized>true</uninitialized>
         <run_address>0xc00</run_address>
         <size>0x8</size>
         <input_file_ref idref="fl-1c"/>
      </object_component>
      <object_component id="oc-c4">
         <name>CpuTimer1RegsFile</name>
         <uninitialized>true</uninitialized>
         <run_address>0xc08</run_address>
         <size>0x8</size>
         <input_file_ref idref="fl-1c"/>
      </object_component>
      <object_component id="oc-c5">
         <name>CpuTimer2RegsFile</name>
         <uninitialized>true</uninitialized>
         <run_address>0xc10</run_address>
         <size>0x8</size>
         <input_file_ref idref="fl-1c"/>
      </object_component>
      <object_component id="oc-cf">
         <name>PieCtrlRegsFile</name>
         <uninitialized>true</uninitialized>
         <run_address>0xce0</run_address>
         <size>0x1a</size>
         <input_file_ref idref="fl-1c"/>
      </object_component>
      <object_component id="oc-d2">
         <name>ECap1RegsFile</name>
         <uninitialized>true</uninitialized>
         <run_address>0x6a00</run_address>
         <size>0x20</size>
         <input_file_ref idref="fl-1c"/>
      </object_component>
      <object_component id="oc-d9">
         <name>GpioCtrlRegsFile</name>
         <uninitialized>true</uninitialized>
         <run_address>0x6f80</run_address>
         <size>0x40</size>
         <input_file_ref idref="fl-1c"/>
      </object_component>
      <object_component id="oc-d1">
         <name>GpioDataRegsFile</name>
         <uninitialized>true</uninitialized>
         <run_address>0x6fc0</run_address>
         <size>0x20</size>
         <input_file_ref idref="fl-1c"/>
      </object_component>
      <object_component id="oc-c7">
         <name>GpioIntRegsFile</name>
         <uninitialized>true</uninitialized>
         <run_address>0x6fe0</run_address>
         <size>0xa</size>
         <input_file_ref idref="fl-1c"/>
      </object_component>
      <object_component id="oc-d0">
         <name>SysCtrlRegsFile</name>
         <uninitialized>true</uninitialized>
         <run_address>0x7010</run_address>
         <size>0x1f</size>
         <input_file_ref idref="fl-1c"/>
      </object_component>
      <object_component id="oc-c8">
         <name>SpiaRegsFile</name>
         <uninitialized>true</uninitialized>
         <run_address>0x7040</run_address>
         <size>0x10</size>
         <input_file_ref idref="fl-1c"/>
      </object_component>
      <object_component id="oc-c9">
         <name>SciaRegsFile</name>
         <uninitialized>true</uninitialized>
         <run_address>0x7050</run_address>
         <size>0x10</size>
         <input_file_ref idref="fl-1c"/>
      </object_component>
      <object_component id="oc-ca">
         <name>NmiIntruptRegsFile</name>
         <uninitialized>true</uninitialized>
         <run_address>0x7060</run_address>
         <size>0x10</size>
         <input_file_ref idref="fl-1c"/>
      </object_component>
      <object_component id="oc-cc">
         <name>XIntruptRegsFile</name>
         <uninitialized>true</uninitialized>
         <run_address>0x7070</run_address>
         <size>0x10</size>
         <input_file_ref idref="fl-1c"/>
      </object_component>
      <object_component id="oc-da">
         <name>AdcRegsFile</name>
         <uninitialized>true</uninitialized>
         <run_address>0x7100</run_address>
         <size>0x51</size>
         <input_file_ref idref="fl-1c"/>
      </object_component>
      <object_component id="oc-d4">
         <name>I2caRegsFile</name>
         <uninitialized>true</uninitialized>
         <run_address>0x7900</run_address>
         <size>0x22</size>
         <input_file_ref idref="fl-1c"/>
      </object_component>
      <object_component id="oc-ce">
         <name>Comp1RegsFile</name>
         <uninitialized>true</uninitialized>
         <run_address>0x6400</run_address>
         <size>0x11</size>
         <input_file_ref idref="fl-1c"/>
      </object_component>
      <object_component id="oc-cd">
         <name>Comp2RegsFile</name>
         <uninitialized>true</uninitialized>
         <run_address>0x6420</run_address>
         <size>0x11</size>
         <input_file_ref idref="fl-1c"/>
      </object_component>
      <object_component id="oc-d8">
         <name>EPwm1RegsFile</name>
         <uninitialized>true</uninitialized>
         <run_address>0x6800</run_address>
         <size>0x3a</size>
         <input_file_ref idref="fl-1c"/>
      </object_component>
      <object_component id="oc-d6">
         <name>EPwm2RegsFile</name>
         <uninitialized>true</uninitialized>
         <run_address>0x6840</run_address>
         <size>0x3a</size>
         <input_file_ref idref="fl-1c"/>
      </object_component>
      <object_component id="oc-d5">
         <name>EPwm3RegsFile</name>
         <uninitialized>true</uninitialized>
         <run_address>0x6880</run_address>
         <size>0x3a</size>
         <input_file_ref idref="fl-1c"/>
      </object_component>
      <object_component id="oc-d7">
         <name>EPwm4RegsFile</name>
         <uninitialized>true</uninitialized>
         <run_address>0x68c0</run_address>
         <size>0x3a</size>
         <input_file_ref idref="fl-1c"/>
      </object_component>
      <object_component id="oc-c6">
         <name>CsmPwlFile</name>
         <uninitialized>true</uninitialized>
         <run_address>0x3f7ff8</run_address>
         <size>0x8</size>
         <input_file_ref idref="fl-1c"/>
      </object_component>
      <object_component id="oc-bc">
         <name>PartIdRegsFile</name>
         <uninitialized>true</uninitialized>
         <run_address>0x3d7fff</run_address>
         <size>0x1</size>
         <input_file_ref idref="fl-1c"/>
      </object_component>
      <object_component id="oc-34">
         <name>.debug_info</name>
         <load_address>0x0</load_address>
         <run_address>0x0</run_address>
         <size>0x5394</size>
         <input_file_ref idref="fl-2"/>
      </object_component>
      <object_component id="oc-3a">
         <name>.debug_info</name>
         <load_address>0x5394</load_address>
         <run_address>0x5394</run_address>
         <size>0x448b</size>
         <input_file_ref idref="fl-3"/>
      </object_component>
      <object_component id="oc-42">
         <name>.debug_info</name>
         <load_address>0x981f</load_address>
         <run_address>0x981f</run_address>
         <size>0xbd9</size>
         <input_file_ref idref="fl-4"/>
      </object_component>
      <object_component id="oc-47">
         <name>.debug_info</name>
         <load_address>0xa3f8</load_address>
         <run_address>0xa3f8</run_address>
         <size>0x33b1</size>
         <input_file_ref idref="fl-5"/>
      </object_component>
      <object_component id="oc-4c">
         <name>.debug_info</name>
         <load_address>0xd7a9</load_address>
         <run_address>0xd7a9</run_address>
         <size>0x19f7</size>
         <input_file_ref idref="fl-6"/>
      </object_component>
      <object_component id="oc-51">
         <name>.debug_info</name>
         <load_address>0xf1a0</load_address>
         <run_address>0xf1a0</run_address>
         <size>0x3ce6</size>
         <input_file_ref idref="fl-7"/>
      </object_component>
      <object_component id="oc-5a">
         <name>.debug_info</name>
         <load_address>0x12e86</load_address>
         <run_address>0x12e86</run_address>
         <size>0x16b</size>
         <input_file_ref idref="fl-9"/>
      </object_component>
      <object_component id="oc-5e">
         <name>.debug_info</name>
         <load_address>0x12ff1</load_address>
         <run_address>0x12ff1</run_address>
         <size>0x138b</size>
         <input_file_ref idref="fl-a"/>
      </object_component>
      <object_component id="oc-63">
         <name>.debug_info</name>
         <load_address>0x1437c</load_address>
         <run_address>0x1437c</run_address>
         <size>0x7a9</size>
         <input_file_ref idref="fl-b"/>
      </object_component>
      <object_component id="oc-6a">
         <name>.debug_info</name>
         <load_address>0x14b25</load_address>
         <run_address>0x14b25</run_address>
         <size>0x11b</size>
         <input_file_ref idref="fl-c"/>
      </object_component>
      <object_component id="oc-6f">
         <name>.debug_info</name>
         <load_address>0x14c40</load_address>
         <run_address>0x14c40</run_address>
         <size>0x121</size>
         <input_file_ref idref="fl-d"/>
      </object_component>
      <object_component id="oc-73">
         <name>.debug_info</name>
         <load_address>0x14d61</load_address>
         <run_address>0x14d61</run_address>
         <size>0x138b</size>
         <input_file_ref idref="fl-e"/>
      </object_component>
      <object_component id="oc-78">
         <name>.debug_info</name>
         <load_address>0x160ec</load_address>
         <run_address>0x160ec</run_address>
         <size>0x138b</size>
         <input_file_ref idref="fl-f"/>
      </object_component>
      <object_component id="oc-7d">
         <name>.debug_info</name>
         <load_address>0x17477</load_address>
         <run_address>0x17477</run_address>
         <size>0x140c</size>
         <input_file_ref idref="fl-10"/>
      </object_component>
      <object_component id="oc-82">
         <name>.debug_info</name>
         <load_address>0x18883</load_address>
         <run_address>0x18883</run_address>
         <size>0x138a</size>
         <input_file_ref idref="fl-11"/>
      </object_component>
      <object_component id="oc-87">
         <name>.debug_info</name>
         <load_address>0x19c0d</load_address>
         <run_address>0x19c0d</run_address>
         <size>0x2d8</size>
         <input_file_ref idref="fl-12"/>
      </object_component>
      <object_component id="oc-8c">
         <name>.debug_info</name>
         <load_address>0x19ee5</load_address>
         <run_address>0x19ee5</run_address>
         <size>0x10f4</size>
         <input_file_ref idref="fl-13"/>
      </object_component>
      <object_component id="oc-91">
         <name>.debug_info</name>
         <load_address>0x1afd9</load_address>
         <run_address>0x1afd9</run_address>
         <size>0xb0d</size>
         <input_file_ref idref="fl-14"/>
      </object_component>
      <object_component id="oc-96">
         <name>.debug_info</name>
         <load_address>0x1bae6</load_address>
         <run_address>0x1bae6</run_address>
         <size>0x2e24</size>
         <input_file_ref idref="fl-15"/>
      </object_component>
      <object_component id="oc-9c">
         <name>.debug_info</name>
         <load_address>0x1e90a</load_address>
         <run_address>0x1e90a</run_address>
         <size>0x1edc</size>
         <input_file_ref idref="fl-16"/>
      </object_component>
      <object_component id="oc-a1">
         <name>.debug_info</name>
         <load_address>0x207e6</load_address>
         <run_address>0x207e6</run_address>
         <size>0x138a</size>
         <input_file_ref idref="fl-17"/>
      </object_component>
      <object_component id="oc-a6">
         <name>.debug_info</name>
         <load_address>0x21b70</load_address>
         <run_address>0x21b70</run_address>
         <size>0x138a</size>
         <input_file_ref idref="fl-18"/>
      </object_component>
      <object_component id="oc-ab">
         <name>.debug_info</name>
         <load_address>0x22efa</load_address>
         <run_address>0x22efa</run_address>
         <size>0x3051</size>
         <input_file_ref idref="fl-19"/>
      </object_component>
      <object_component id="oc-b0">
         <name>.debug_info</name>
         <load_address>0x25f4b</load_address>
         <run_address>0x25f4b</run_address>
         <size>0x2e4</size>
         <input_file_ref idref="fl-1a"/>
      </object_component>
      <object_component id="oc-b6">
         <name>.debug_info</name>
         <load_address>0x2622f</load_address>
         <run_address>0x2622f</run_address>
         <size>0x11d</size>
         <input_file_ref idref="fl-1b"/>
      </object_component>
      <object_component id="oc-ba">
         <name>.debug_info</name>
         <load_address>0x2634c</load_address>
         <run_address>0x2634c</run_address>
         <size>0xb019</size>
         <input_file_ref idref="fl-1c"/>
      </object_component>
      <object_component id="oc-df">
         <name>.debug_info</name>
         <load_address>0x31365</load_address>
         <run_address>0x31365</run_address>
         <size>0x16b</size>
         <input_file_ref idref="fl-2f"/>
      </object_component>
      <object_component id="oc-e3">
         <name>.debug_info</name>
         <load_address>0x314d0</load_address>
         <run_address>0x314d0</run_address>
         <size>0x50f</size>
         <input_file_ref idref="fl-30"/>
      </object_component>
      <object_component id="oc-e8">
         <name>.debug_info</name>
         <load_address>0x319df</load_address>
         <run_address>0x319df</run_address>
         <size>0x4f9</size>
         <input_file_ref idref="fl-31"/>
      </object_component>
      <object_component id="oc-f0">
         <name>.debug_info</name>
         <load_address>0x31ed8</load_address>
         <run_address>0x31ed8</run_address>
         <size>0x10c</size>
         <input_file_ref idref="fl-32"/>
      </object_component>
      <object_component id="oc-f5">
         <name>.debug_info</name>
         <load_address>0x31fe4</load_address>
         <run_address>0x31fe4</run_address>
         <size>0x118</size>
         <input_file_ref idref="fl-33"/>
      </object_component>
      <object_component id="oc-fa">
         <name>.debug_info</name>
         <load_address>0x320fc</load_address>
         <run_address>0x320fc</run_address>
         <size>0x19d</size>
         <input_file_ref idref="fl-34"/>
      </object_component>
      <object_component id="oc-fe">
         <name>.debug_info</name>
         <load_address>0x32299</load_address>
         <run_address>0x32299</run_address>
         <size>0x3bd</size>
         <input_file_ref idref="fl-35"/>
      </object_component>
      <object_component id="oc-103">
         <name>.debug_info</name>
         <load_address>0x32656</load_address>
         <run_address>0x32656</run_address>
         <size>0x330</size>
         <input_file_ref idref="fl-36"/>
      </object_component>
      <object_component id="oc-108">
         <name>.debug_info</name>
         <load_address>0x32986</load_address>
         <run_address>0x32986</run_address>
         <size>0x32d</size>
         <input_file_ref idref="fl-37"/>
      </object_component>
      <object_component id="oc-10d">
         <name>.debug_info</name>
         <load_address>0x32cb3</load_address>
         <run_address>0x32cb3</run_address>
         <size>0x44f</size>
         <input_file_ref idref="fl-38"/>
      </object_component>
      <object_component id="oc-112">
         <name>.debug_info</name>
         <load_address>0x33102</load_address>
         <run_address>0x33102</run_address>
         <size>0x41c</size>
         <input_file_ref idref="fl-39"/>
      </object_component>
      <object_component id="oc-16a">
         <name>.debug_info</name>
         <load_address>0x3351e</load_address>
         <run_address>0x3351e</run_address>
         <size>0xa8</size>
      </object_component>
      <object_component id="oc-36">
         <name>.debug_frame</name>
         <load_address>0x0</load_address>
         <run_address>0x0</run_address>
         <size>0x5d</size>
         <input_file_ref idref="fl-2"/>
      </object_component>
      <object_component id="oc-3e">
         <name>.debug_frame</name>
         <load_address>0x5d</load_address>
         <run_address>0x5d</run_address>
         <size>0x8d</size>
         <input_file_ref idref="fl-3"/>
      </object_component>
      <object_component id="oc-43">
         <name>.debug_frame</name>
         <load_address>0xea</load_address>
         <run_address>0xea</run_address>
         <size>0x48</size>
         <input_file_ref idref="fl-4"/>
      </object_component>
      <object_component id="oc-48">
         <name>.debug_frame</name>
         <load_address>0x132</load_address>
         <run_address>0x132</run_address>
         <size>0x5e</size>
         <input_file_ref idref="fl-5"/>
      </object_component>
      <object_component id="oc-4d">
         <name>.debug_frame</name>
         <load_address>0x190</load_address>
         <run_address>0x190</run_address>
         <size>0x1e</size>
         <input_file_ref idref="fl-6"/>
      </object_component>
      <object_component id="oc-52">
         <name>.debug_frame</name>
         <load_address>0x1ae</load_address>
         <run_address>0x1ae</run_address>
         <size>0x1e</size>
         <input_file_ref idref="fl-7"/>
      </object_component>
      <object_component id="oc-5f">
         <name>.debug_frame</name>
         <load_address>0x1cc</load_address>
         <run_address>0x1cc</run_address>
         <size>0x1e</size>
         <input_file_ref idref="fl-a"/>
      </object_component>
      <object_component id="oc-65">
         <name>.debug_frame</name>
         <load_address>0x1ea</load_address>
         <run_address>0x1ea</run_address>
         <size>0x1e</size>
         <input_file_ref idref="fl-b"/>
      </object_component>
      <object_component id="oc-74">
         <name>.debug_frame</name>
         <load_address>0x208</load_address>
         <run_address>0x208</run_address>
         <size>0x1e</size>
         <input_file_ref idref="fl-e"/>
      </object_component>
      <object_component id="oc-79">
         <name>.debug_frame</name>
         <load_address>0x226</load_address>
         <run_address>0x226</run_address>
         <size>0x1e</size>
         <input_file_ref idref="fl-f"/>
      </object_component>
      <object_component id="oc-7e">
         <name>.debug_frame</name>
         <load_address>0x244</load_address>
         <run_address>0x244</run_address>
         <size>0x33</size>
         <input_file_ref idref="fl-10"/>
      </object_component>
      <object_component id="oc-83">
         <name>.debug_frame</name>
         <load_address>0x277</load_address>
         <run_address>0x277</run_address>
         <size>0x1e</size>
         <input_file_ref idref="fl-11"/>
      </object_component>
      <object_component id="oc-88">
         <name>.debug_frame</name>
         <load_address>0x295</load_address>
         <run_address>0x295</run_address>
         <size>0x1e</size>
         <input_file_ref idref="fl-12"/>
      </object_component>
      <object_component id="oc-8d">
         <name>.debug_frame</name>
         <load_address>0x2b3</load_address>
         <run_address>0x2b3</run_address>
         <size>0x1e</size>
         <input_file_ref idref="fl-13"/>
      </object_component>
      <object_component id="oc-92">
         <name>.debug_frame</name>
         <load_address>0x2d1</load_address>
         <run_address>0x2d1</run_address>
         <size>0x48</size>
         <input_file_ref idref="fl-14"/>
      </object_component>
      <object_component id="oc-98">
         <name>.debug_frame</name>
         <load_address>0x319</load_address>
         <run_address>0x319</run_address>
         <size>0x48f</size>
         <input_file_ref idref="fl-15"/>
      </object_component>
      <object_component id="oc-9d">
         <name>.debug_frame</name>
         <load_address>0x7a8</load_address>
         <run_address>0x7a8</run_address>
         <size>0x39</size>
         <input_file_ref idref="fl-16"/>
      </object_component>
      <object_component id="oc-a2">
         <name>.debug_frame</name>
         <load_address>0x7e1</load_address>
         <run_address>0x7e1</run_address>
         <size>0x1e</size>
         <input_file_ref idref="fl-17"/>
      </object_component>
      <object_component id="oc-a7">
         <name>.debug_frame</name>
         <load_address>0x7ff</load_address>
         <run_address>0x7ff</run_address>
         <size>0x1e</size>
         <input_file_ref idref="fl-18"/>
      </object_component>
      <object_component id="oc-ac">
         <name>.debug_frame</name>
         <load_address>0x81d</load_address>
         <run_address>0x81d</run_address>
         <size>0xfd</size>
         <input_file_ref idref="fl-19"/>
      </object_component>
      <object_component id="oc-b1">
         <name>.debug_frame</name>
         <load_address>0x91a</load_address>
         <run_address>0x91a</run_address>
         <size>0x1e</size>
         <input_file_ref idref="fl-1a"/>
      </object_component>
      <object_component id="oc-e4">
         <name>.debug_frame</name>
         <load_address>0x938</load_address>
         <run_address>0x938</run_address>
         <size>0x54</size>
         <input_file_ref idref="fl-30"/>
      </object_component>
      <object_component id="oc-eb">
         <name>.debug_frame</name>
         <load_address>0x98c</load_address>
         <run_address>0x98c</run_address>
         <size>0x51</size>
         <input_file_ref idref="fl-31"/>
      </object_component>
      <object_component id="oc-ff">
         <name>.debug_frame</name>
         <load_address>0x9dd</load_address>
         <run_address>0x9dd</run_address>
         <size>0x33</size>
         <input_file_ref idref="fl-35"/>
      </object_component>
      <object_component id="oc-104">
         <name>.debug_frame</name>
         <load_address>0xa10</load_address>
         <run_address>0xa10</run_address>
         <size>0x33</size>
         <input_file_ref idref="fl-36"/>
      </object_component>
      <object_component id="oc-109">
         <name>.debug_frame</name>
         <load_address>0xa43</load_address>
         <run_address>0xa43</run_address>
         <size>0x33</size>
         <input_file_ref idref="fl-37"/>
      </object_component>
      <object_component id="oc-10e">
         <name>.debug_frame</name>
         <load_address>0xa76</load_address>
         <run_address>0xa76</run_address>
         <size>0x5d</size>
         <input_file_ref idref="fl-38"/>
      </object_component>
      <object_component id="oc-113">
         <name>.debug_frame</name>
         <load_address>0xad3</load_address>
         <run_address>0xad3</run_address>
         <size>0x33</size>
         <input_file_ref idref="fl-39"/>
      </object_component>
      <object_component id="oc-37">
         <name>.debug_line</name>
         <load_address>0x0</load_address>
         <run_address>0x0</run_address>
         <size>0x94</size>
         <input_file_ref idref="fl-2"/>
      </object_component>
      <object_component id="oc-3f">
         <name>.debug_line</name>
         <load_address>0x94</load_address>
         <run_address>0x94</run_address>
         <size>0xd1</size>
         <input_file_ref idref="fl-3"/>
      </object_component>
      <object_component id="oc-44">
         <name>.debug_line</name>
         <load_address>0x165</load_address>
         <run_address>0x165</run_address>
         <size>0x64</size>
         <input_file_ref idref="fl-4"/>
      </object_component>
      <object_component id="oc-49">
         <name>.debug_line</name>
         <load_address>0x1c9</load_address>
         <run_address>0x1c9</run_address>
         <size>0xdb</size>
         <input_file_ref idref="fl-5"/>
      </object_component>
      <object_component id="oc-4e">
         <name>.debug_line</name>
         <load_address>0x2a4</load_address>
         <run_address>0x2a4</run_address>
         <size>0x2b</size>
         <input_file_ref idref="fl-6"/>
      </object_component>
      <object_component id="oc-53">
         <name>.debug_line</name>
         <load_address>0x2cf</load_address>
         <run_address>0x2cf</run_address>
         <size>0x49</size>
         <input_file_ref idref="fl-7"/>
      </object_component>
      <object_component id="oc-5b">
         <name>.debug_line</name>
         <load_address>0x318</load_address>
         <run_address>0x318</run_address>
         <size>0x78</size>
         <input_file_ref idref="fl-9"/>
      </object_component>
      <object_component id="oc-60">
         <name>.debug_line</name>
         <load_address>0x390</load_address>
         <run_address>0x390</run_address>
         <size>0x4a</size>
         <input_file_ref idref="fl-a"/>
      </object_component>
      <object_component id="oc-66">
         <name>.debug_line</name>
         <load_address>0x3da</load_address>
         <run_address>0x3da</run_address>
         <size>0x4f</size>
         <input_file_ref idref="fl-b"/>
      </object_component>
      <object_component id="oc-6b">
         <name>.debug_line</name>
         <load_address>0x429</load_address>
         <run_address>0x429</run_address>
         <size>0x5e</size>
         <input_file_ref idref="fl-c"/>
      </object_component>
      <object_component id="oc-70">
         <name>.debug_line</name>
         <load_address>0x487</load_address>
         <run_address>0x487</run_address>
         <size>0x62</size>
         <input_file_ref idref="fl-d"/>
      </object_component>
      <object_component id="oc-75">
         <name>.debug_line</name>
         <load_address>0x4e9</load_address>
         <run_address>0x4e9</run_address>
         <size>0x4a</size>
         <input_file_ref idref="fl-e"/>
      </object_component>
      <object_component id="oc-7a">
         <name>.debug_line</name>
         <load_address>0x533</load_address>
         <run_address>0x533</run_address>
         <size>0x4a</size>
         <input_file_ref idref="fl-f"/>
      </object_component>
      <object_component id="oc-7f">
         <name>.debug_line</name>
         <load_address>0x57d</load_address>
         <run_address>0x57d</run_address>
         <size>0x6d</size>
         <input_file_ref idref="fl-10"/>
      </object_component>
      <object_component id="oc-84">
         <name>.debug_line</name>
         <load_address>0x5ea</load_address>
         <run_address>0x5ea</run_address>
         <size>0x49</size>
         <input_file_ref idref="fl-11"/>
      </object_component>
      <object_component id="oc-89">
         <name>.debug_line</name>
         <load_address>0x633</load_address>
         <run_address>0x633</run_address>
         <size>0x4d</size>
         <input_file_ref idref="fl-12"/>
      </object_component>
      <object_component id="oc-8e">
         <name>.debug_line</name>
         <load_address>0x680</load_address>
         <run_address>0x680</run_address>
         <size>0x4d</size>
         <input_file_ref idref="fl-13"/>
      </object_component>
      <object_component id="oc-93">
         <name>.debug_line</name>
         <load_address>0x6cd</load_address>
         <run_address>0x6cd</run_address>
         <size>0x9d</size>
         <input_file_ref idref="fl-14"/>
      </object_component>
      <object_component id="oc-99">
         <name>.debug_line</name>
         <load_address>0x76a</load_address>
         <run_address>0x76a</run_address>
         <size>0x666</size>
         <input_file_ref idref="fl-15"/>
      </object_component>
      <object_component id="oc-9e">
         <name>.debug_line</name>
         <load_address>0xdd0</load_address>
         <run_address>0xdd0</run_address>
         <size>0x8e</size>
         <input_file_ref idref="fl-16"/>
      </object_component>
      <object_component id="oc-a3">
         <name>.debug_line</name>
         <load_address>0xe5e</load_address>
         <run_address>0xe5e</run_address>
         <size>0x49</size>
         <input_file_ref idref="fl-17"/>
      </object_component>
      <object_component id="oc-a8">
         <name>.debug_line</name>
         <load_address>0xea7</load_address>
         <run_address>0xea7</run_address>
         <size>0x49</size>
         <input_file_ref idref="fl-18"/>
      </object_component>
      <object_component id="oc-ad">
         <name>.debug_line</name>
         <load_address>0xef0</load_address>
         <run_address>0xef0</run_address>
         <size>0x1d5</size>
         <input_file_ref idref="fl-19"/>
      </object_component>
      <object_component id="oc-b2">
         <name>.debug_line</name>
         <load_address>0x10c5</load_address>
         <run_address>0x10c5</run_address>
         <size>0x54</size>
         <input_file_ref idref="fl-1a"/>
      </object_component>
      <object_component id="oc-b7">
         <name>.debug_line</name>
         <load_address>0x1119</load_address>
         <run_address>0x1119</run_address>
         <size>0x5f</size>
         <input_file_ref idref="fl-1b"/>
      </object_component>
      <object_component id="oc-e0">
         <name>.debug_line</name>
         <load_address>0x1178</load_address>
         <run_address>0x1178</run_address>
         <size>0x7d</size>
         <input_file_ref idref="fl-2f"/>
      </object_component>
      <object_component id="oc-e5">
         <name>.debug_line</name>
         <load_address>0x11f5</load_address>
         <run_address>0x11f5</run_address>
         <size>0x50</size>
         <input_file_ref idref="fl-30"/>
      </object_component>
      <object_component id="oc-ec">
         <name>.debug_line</name>
         <load_address>0x1245</load_address>
         <run_address>0x1245</run_address>
         <size>0x65</size>
         <input_file_ref idref="fl-31"/>
      </object_component>
      <object_component id="oc-f1">
         <name>.debug_line</name>
         <load_address>0x12aa</load_address>
         <run_address>0x12aa</run_address>
         <size>0x8d</size>
         <input_file_ref idref="fl-32"/>
      </object_component>
      <object_component id="oc-f6">
         <name>.debug_line</name>
         <load_address>0x1337</load_address>
         <run_address>0x1337</run_address>
         <size>0x60</size>
         <input_file_ref idref="fl-33"/>
      </object_component>
      <object_component id="oc-fb">
         <name>.debug_line</name>
         <load_address>0x1397</load_address>
         <run_address>0x1397</run_address>
         <size>0x8e</size>
         <input_file_ref idref="fl-34"/>
      </object_component>
      <object_component id="oc-100">
         <name>.debug_line</name>
         <load_address>0x1425</load_address>
         <run_address>0x1425</run_address>
         <size>0x62</size>
         <input_file_ref idref="fl-35"/>
      </object_component>
      <object_component id="oc-105">
         <name>.debug_line</name>
         <load_address>0x1487</load_address>
         <run_address>0x1487</run_address>
         <size>0x3e</size>
         <input_file_ref idref="fl-36"/>
      </object_component>
      <object_component id="oc-10a">
         <name>.debug_line</name>
         <load_address>0x14c5</load_address>
         <run_address>0x14c5</run_address>
         <size>0x3a</size>
         <input_file_ref idref="fl-37"/>
      </object_component>
      <object_component id="oc-10f">
         <name>.debug_line</name>
         <load_address>0x14ff</load_address>
         <run_address>0x14ff</run_address>
         <size>0x5e</size>
         <input_file_ref idref="fl-38"/>
      </object_component>
      <object_component id="oc-114">
         <name>.debug_line</name>
         <load_address>0x155d</load_address>
         <run_address>0x155d</run_address>
         <size>0x55</size>
         <input_file_ref idref="fl-39"/>
      </object_component>
      <object_component id="oc-38">
         <name>.debug_abbrev</name>
         <load_address>0x0</load_address>
         <run_address>0x0</run_address>
         <size>0x121</size>
         <input_file_ref idref="fl-2"/>
      </object_component>
      <object_component id="oc-40">
         <name>.debug_abbrev</name>
         <load_address>0x121</load_address>
         <run_address>0x121</run_address>
         <size>0x14d</size>
         <input_file_ref idref="fl-3"/>
      </object_component>
      <object_component id="oc-45">
         <name>.debug_abbrev</name>
         <load_address>0x26e</load_address>
         <run_address>0x26e</run_address>
         <size>0xe4</size>
         <input_file_ref idref="fl-4"/>
      </object_component>
      <object_component id="oc-4a">
         <name>.debug_abbrev</name>
         <load_address>0x352</load_address>
         <run_address>0x352</run_address>
         <size>0xdc</size>
         <input_file_ref idref="fl-5"/>
      </object_component>
      <object_component id="oc-4f">
         <name>.debug_abbrev</name>
         <load_address>0x42e</load_address>
         <run_address>0x42e</run_address>
         <size>0x118</size>
         <input_file_ref idref="fl-6"/>
      </object_component>
      <object_component id="oc-54">
         <name>.debug_abbrev</name>
         <load_address>0x546</load_address>
         <run_address>0x546</run_address>
         <size>0x155</size>
         <input_file_ref idref="fl-7"/>
      </object_component>
      <object_component id="oc-5c">
         <name>.debug_abbrev</name>
         <load_address>0x69b</load_address>
         <run_address>0x69b</run_address>
         <size>0x21</size>
         <input_file_ref idref="fl-9"/>
      </object_component>
      <object_component id="oc-61">
         <name>.debug_abbrev</name>
         <load_address>0x6bc</load_address>
         <run_address>0x6bc</run_address>
         <size>0xea</size>
         <input_file_ref idref="fl-a"/>
      </object_component>
      <object_component id="oc-67">
         <name>.debug_abbrev</name>
         <load_address>0x7a6</load_address>
         <run_address>0x7a6</run_address>
         <size>0x10b</size>
         <input_file_ref idref="fl-b"/>
      </object_component>
      <object_component id="oc-6c">
         <name>.debug_abbrev</name>
         <load_address>0x8b1</load_address>
         <run_address>0x8b1</run_address>
         <size>0x2f</size>
         <input_file_ref idref="fl-c"/>
      </object_component>
      <object_component id="oc-71">
         <name>.debug_abbrev</name>
         <load_address>0x8e0</load_address>
         <run_address>0x8e0</run_address>
         <size>0x2f</size>
         <input_file_ref idref="fl-d"/>
      </object_component>
      <object_component id="oc-76">
         <name>.debug_abbrev</name>
         <load_address>0x90f</load_address>
         <run_address>0x90f</run_address>
         <size>0xea</size>
         <input_file_ref idref="fl-e"/>
      </object_component>
      <object_component id="oc-7b">
         <name>.debug_abbrev</name>
         <load_address>0x9f9</load_address>
         <run_address>0x9f9</run_address>
         <size>0xea</size>
         <input_file_ref idref="fl-f"/>
      </object_component>
      <object_component id="oc-80">
         <name>.debug_abbrev</name>
         <load_address>0xae3</load_address>
         <run_address>0xae3</run_address>
         <size>0xdc</size>
         <input_file_ref idref="fl-10"/>
      </object_component>
      <object_component id="oc-85">
         <name>.debug_abbrev</name>
         <load_address>0xbbf</load_address>
         <run_address>0xbbf</run_address>
         <size>0xdc</size>
         <input_file_ref idref="fl-11"/>
      </object_component>
      <object_component id="oc-8a">
         <name>.debug_abbrev</name>
         <load_address>0xc9b</load_address>
         <run_address>0xc9b</run_address>
         <size>0x93</size>
         <input_file_ref idref="fl-12"/>
      </object_component>
      <object_component id="oc-8f">
         <name>.debug_abbrev</name>
         <load_address>0xd2e</load_address>
         <run_address>0xd2e</run_address>
         <size>0x13e</size>
         <input_file_ref idref="fl-13"/>
      </object_component>
      <object_component id="oc-94">
         <name>.debug_abbrev</name>
         <load_address>0xe6c</load_address>
         <run_address>0xe6c</run_address>
         <size>0xc8</size>
         <input_file_ref idref="fl-14"/>
      </object_component>
      <object_component id="oc-9a">
         <name>.debug_abbrev</name>
         <load_address>0xf34</load_address>
         <run_address>0xf34</run_address>
         <size>0x145</size>
         <input_file_ref idref="fl-15"/>
      </object_component>
      <object_component id="oc-9f">
         <name>.debug_abbrev</name>
         <load_address>0x1079</load_address>
         <run_address>0x1079</run_address>
         <size>0x116</size>
         <input_file_ref idref="fl-16"/>
      </object_component>
      <object_component id="oc-a4">
         <name>.debug_abbrev</name>
         <load_address>0x118f</load_address>
         <run_address>0x118f</run_address>
         <size>0xea</size>
         <input_file_ref idref="fl-17"/>
      </object_component>
      <object_component id="oc-a9">
         <name>.debug_abbrev</name>
         <load_address>0x1279</load_address>
         <run_address>0x1279</run_address>
         <size>0xea</size>
         <input_file_ref idref="fl-18"/>
      </object_component>
      <object_component id="oc-ae">
         <name>.debug_abbrev</name>
         <load_address>0x1363</load_address>
         <run_address>0x1363</run_address>
         <size>0x1a3</size>
         <input_file_ref idref="fl-19"/>
      </object_component>
      <object_component id="oc-b3">
         <name>.debug_abbrev</name>
         <load_address>0x1506</load_address>
         <run_address>0x1506</run_address>
         <size>0x9b</size>
         <input_file_ref idref="fl-1a"/>
      </object_component>
      <object_component id="oc-b8">
         <name>.debug_abbrev</name>
         <load_address>0x15a1</load_address>
         <run_address>0x15a1</run_address>
         <size>0x2f</size>
         <input_file_ref idref="fl-1b"/>
      </object_component>
      <object_component id="oc-dc">
         <name>.debug_abbrev</name>
         <load_address>0x15d0</load_address>
         <run_address>0x15d0</run_address>
         <size>0xb7</size>
         <input_file_ref idref="fl-1c"/>
      </object_component>
      <object_component id="oc-e1">
         <name>.debug_abbrev</name>
         <load_address>0x1687</load_address>
         <run_address>0x1687</run_address>
         <size>0x46</size>
         <input_file_ref idref="fl-2f"/>
      </object_component>
      <object_component id="oc-e6">
         <name>.debug_abbrev</name>
         <load_address>0x16cd</load_address>
         <run_address>0x16cd</run_address>
         <size>0xfc</size>
         <input_file_ref idref="fl-30"/>
      </object_component>
      <object_component id="oc-ed">
         <name>.debug_abbrev</name>
         <load_address>0x17c9</load_address>
         <run_address>0x17c9</run_address>
         <size>0x142</size>
         <input_file_ref idref="fl-31"/>
      </object_component>
      <object_component id="oc-f2">
         <name>.debug_abbrev</name>
         <load_address>0x190b</load_address>
         <run_address>0x190b</run_address>
         <size>0x38</size>
         <input_file_ref idref="fl-32"/>
      </object_component>
      <object_component id="oc-f7">
         <name>.debug_abbrev</name>
         <load_address>0x1943</load_address>
         <run_address>0x1943</run_address>
         <size>0x38</size>
         <input_file_ref idref="fl-33"/>
      </object_component>
      <object_component id="oc-fc">
         <name>.debug_abbrev</name>
         <load_address>0x197b</load_address>
         <run_address>0x197b</run_address>
         <size>0x38</size>
         <input_file_ref idref="fl-34"/>
      </object_component>
      <object_component id="oc-101">
         <name>.debug_abbrev</name>
         <load_address>0x19b3</load_address>
         <run_address>0x19b3</run_address>
         <size>0xa8</size>
         <input_file_ref idref="fl-35"/>
      </object_component>
      <object_component id="oc-106">
         <name>.debug_abbrev</name>
         <load_address>0x1a5b</load_address>
         <run_address>0x1a5b</run_address>
         <size>0x68</size>
         <input_file_ref idref="fl-36"/>
      </object_component>
      <object_component id="oc-10b">
         <name>.debug_abbrev</name>
         <load_address>0x1ac3</load_address>
         <run_address>0x1ac3</run_address>
         <size>0x66</size>
         <input_file_ref idref="fl-37"/>
      </object_component>
      <object_component id="oc-110">
         <name>.debug_abbrev</name>
         <load_address>0x1b29</load_address>
         <run_address>0x1b29</run_address>
         <size>0xb2</size>
         <input_file_ref idref="fl-38"/>
      </object_component>
      <object_component id="oc-115">
         <name>.debug_abbrev</name>
         <load_address>0x1bdb</load_address>
         <run_address>0x1bdb</run_address>
         <size>0xfe</size>
         <input_file_ref idref="fl-39"/>
      </object_component>
      <object_component id="oc-16b">
         <name>.debug_abbrev</name>
         <load_address>0x1cd9</load_address>
         <run_address>0x1cd9</run_address>
         <size>0xf</size>
      </object_component>
      <object_component id="oc-39">
         <name>.debug_aranges</name>
         <load_address>0x0</load_address>
         <run_address>0x0</run_address>
         <size>0x30</size>
         <input_file_ref idref="fl-2"/>
      </object_component>
      <object_component id="oc-41">
         <name>.debug_aranges</name>
         <load_address>0x30</load_address>
         <run_address>0x30</run_address>
         <size>0x28</size>
         <input_file_ref idref="fl-3"/>
      </object_component>
      <object_component id="oc-46">
         <name>.debug_aranges</name>
         <load_address>0x58</load_address>
         <run_address>0x58</run_address>
         <size>0x28</size>
         <input_file_ref idref="fl-4"/>
      </object_component>
      <object_component id="oc-4b">
         <name>.debug_aranges</name>
         <load_address>0x80</load_address>
         <run_address>0x80</run_address>
         <size>0x30</size>
         <input_file_ref idref="fl-5"/>
      </object_component>
      <object_component id="oc-50">
         <name>.debug_aranges</name>
         <load_address>0xb0</load_address>
         <run_address>0xb0</run_address>
         <size>0x18</size>
         <input_file_ref idref="fl-6"/>
      </object_component>
      <object_component id="oc-55">
         <name>.debug_aranges</name>
         <load_address>0xc8</load_address>
         <run_address>0xc8</run_address>
         <size>0x18</size>
         <input_file_ref idref="fl-7"/>
      </object_component>
      <object_component id="oc-5d">
         <name>.debug_aranges</name>
         <load_address>0xe0</load_address>
         <run_address>0xe0</run_address>
         <size>0x28</size>
         <input_file_ref idref="fl-9"/>
      </object_component>
      <object_component id="oc-62">
         <name>.debug_aranges</name>
         <load_address>0x108</load_address>
         <run_address>0x108</run_address>
         <size>0x18</size>
         <input_file_ref idref="fl-a"/>
      </object_component>
      <object_component id="oc-68">
         <name>.debug_aranges</name>
         <load_address>0x120</load_address>
         <run_address>0x120</run_address>
         <size>0x18</size>
         <input_file_ref idref="fl-b"/>
      </object_component>
      <object_component id="oc-6d">
         <name>.debug_aranges</name>
         <load_address>0x138</load_address>
         <run_address>0x138</run_address>
         <size>0x20</size>
         <input_file_ref idref="fl-c"/>
      </object_component>
      <object_component id="oc-72">
         <name>.debug_aranges</name>
         <load_address>0x158</load_address>
         <run_address>0x158</run_address>
         <size>0x20</size>
         <input_file_ref idref="fl-d"/>
      </object_component>
      <object_component id="oc-77">
         <name>.debug_aranges</name>
         <load_address>0x178</load_address>
         <run_address>0x178</run_address>
         <size>0x18</size>
         <input_file_ref idref="fl-e"/>
      </object_component>
      <object_component id="oc-7c">
         <name>.debug_aranges</name>
         <load_address>0x190</load_address>
         <run_address>0x190</run_address>
         <size>0x18</size>
         <input_file_ref idref="fl-f"/>
      </object_component>
      <object_component id="oc-81">
         <name>.debug_aranges</name>
         <load_address>0x1a8</load_address>
         <run_address>0x1a8</run_address>
         <size>0x20</size>
         <input_file_ref idref="fl-10"/>
      </object_component>
      <object_component id="oc-86">
         <name>.debug_aranges</name>
         <load_address>0x1c8</load_address>
         <run_address>0x1c8</run_address>
         <size>0x18</size>
         <input_file_ref idref="fl-11"/>
      </object_component>
      <object_component id="oc-8b">
         <name>.debug_aranges</name>
         <load_address>0x1e0</load_address>
         <run_address>0x1e0</run_address>
         <size>0x18</size>
         <input_file_ref idref="fl-12"/>
      </object_component>
      <object_component id="oc-90">
         <name>.debug_aranges</name>
         <load_address>0x1f8</load_address>
         <run_address>0x1f8</run_address>
         <size>0x18</size>
         <input_file_ref idref="fl-13"/>
      </object_component>
      <object_component id="oc-95">
         <name>.debug_aranges</name>
         <load_address>0x210</load_address>
         <run_address>0x210</run_address>
         <size>0x28</size>
         <input_file_ref idref="fl-14"/>
      </object_component>
      <object_component id="oc-9b">
         <name>.debug_aranges</name>
         <load_address>0x238</load_address>
         <run_address>0x238</run_address>
         <size>0x1a8</size>
         <input_file_ref idref="fl-15"/>
      </object_component>
      <object_component id="oc-a0">
         <name>.debug_aranges</name>
         <load_address>0x3e0</load_address>
         <run_address>0x3e0</run_address>
         <size>0x20</size>
         <input_file_ref idref="fl-16"/>
      </object_component>
      <object_component id="oc-a5">
         <name>.debug_aranges</name>
         <load_address>0x400</load_address>
         <run_address>0x400</run_address>
         <size>0x18</size>
         <input_file_ref idref="fl-17"/>
      </object_component>
      <object_component id="oc-aa">
         <name>.debug_aranges</name>
         <load_address>0x418</load_address>
         <run_address>0x418</run_address>
         <size>0x18</size>
         <input_file_ref idref="fl-18"/>
      </object_component>
      <object_component id="oc-af">
         <name>.debug_aranges</name>
         <load_address>0x430</load_address>
         <run_address>0x430</run_address>
         <size>0x68</size>
         <input_file_ref idref="fl-19"/>
      </object_component>
      <object_component id="oc-b4">
         <name>.debug_aranges</name>
         <load_address>0x498</load_address>
         <run_address>0x498</run_address>
         <size>0x18</size>
         <input_file_ref idref="fl-1a"/>
      </object_component>
      <object_component id="oc-b9">
         <name>.debug_aranges</name>
         <load_address>0x4b0</load_address>
         <run_address>0x4b0</run_address>
         <size>0x20</size>
         <input_file_ref idref="fl-1b"/>
      </object_component>
      <object_component id="oc-e2">
         <name>.debug_aranges</name>
         <load_address>0x4d0</load_address>
         <run_address>0x4d0</run_address>
         <size>0x20</size>
         <input_file_ref idref="fl-2f"/>
      </object_component>
      <object_component id="oc-e7">
         <name>.debug_aranges</name>
         <load_address>0x4f0</load_address>
         <run_address>0x4f0</run_address>
         <size>0x20</size>
         <input_file_ref idref="fl-30"/>
      </object_component>
      <object_component id="oc-ee">
         <name>.debug_aranges</name>
         <load_address>0x510</load_address>
         <run_address>0x510</run_address>
         <size>0x28</size>
         <input_file_ref idref="fl-31"/>
      </object_component>
      <object_component id="oc-f3">
         <name>.debug_aranges</name>
         <load_address>0x538</load_address>
         <run_address>0x538</run_address>
         <size>0x20</size>
         <input_file_ref idref="fl-32"/>
      </object_component>
      <object_component id="oc-f8">
         <name>.debug_aranges</name>
         <load_address>0x558</load_address>
         <run_address>0x558</run_address>
         <size>0x20</size>
         <input_file_ref idref="fl-33"/>
      </object_component>
      <object_component id="oc-fd">
         <name>.debug_aranges</name>
         <load_address>0x578</load_address>
         <run_address>0x578</run_address>
         <size>0x38</size>
         <input_file_ref idref="fl-34"/>
      </object_component>
      <object_component id="oc-102">
         <name>.debug_aranges</name>
         <load_address>0x5b0</load_address>
         <run_address>0x5b0</run_address>
         <size>0x20</size>
         <input_file_ref idref="fl-35"/>
      </object_component>
      <object_component id="oc-107">
         <name>.debug_aranges</name>
         <load_address>0x5d0</load_address>
         <run_address>0x5d0</run_address>
         <size>0x20</size>
         <input_file_ref idref="fl-36"/>
      </object_component>
      <object_component id="oc-10c">
         <name>.debug_aranges</name>
         <load_address>0x5f0</load_address>
         <run_address>0x5f0</run_address>
         <size>0x20</size>
         <input_file_ref idref="fl-37"/>
      </object_component>
      <object_component id="oc-111">
         <name>.debug_aranges</name>
         <load_address>0x610</load_address>
         <run_address>0x610</run_address>
         <size>0x30</size>
         <input_file_ref idref="fl-38"/>
      </object_component>
      <object_component id="oc-116">
         <name>.debug_aranges</name>
         <load_address>0x640</load_address>
         <run_address>0x640</run_address>
         <size>0x20</size>
         <input_file_ref idref="fl-39"/>
      </object_component>
      <object_component id="oc-56">
         <name>csmpasswds</name>
         <load_address>0x213</load_address>
         <run_address>0x213</run_address>
         <size>0x8</size>
         <input_file_ref idref="fl-8"/>
      </object_component>
      <object_component id="oc-57">
         <name>csm_rsvd</name>
         <load_address>0x19d</load_address>
         <run_address>0x19d</run_address>
         <size>0x76</size>
         <input_file_ref idref="fl-8"/>
      </object_component>
   </object_component_list>
   <logical_group_list>
      <logical_group id="lg-2" display="no" color="cyan">
         <name>codestart</name>
         <load_address>0x0</load_address>
         <run_address>0x0</run_address>
         <size>0x2</size>
         <contents>
            <object_component_ref idref="oc-59"/>
         </contents>
      </logical_group>
      <logical_group id="lg-3" display="no" color="cyan">
         <name>ramfuncs</name>
         <load_address>0x50</load_address>
         <run_address>0x50</run_address>
         <size>0x12b</size>
         <contents>
            <object_component_ref idref="oc-3d"/>
            <object_component_ref idref="oc-35"/>
            <object_component_ref idref="oc-b5"/>
         </contents>
      </logical_group>
      <logical_group id="lg-4" display="no" color="cyan">
         <name>.text</name>
         <load_address>0x8000</load_address>
         <run_address>0x8000</run_address>
         <size>0x7cd</size>
         <contents>
            <object_component_ref idref="oc-97"/>
            <object_component_ref idref="oc-120"/>
            <object_component_ref idref="oc-125"/>
            <object_component_ref idref="oc-126"/>
            <object_component_ref idref="oc-ef"/>
            <object_component_ref idref="oc-33"/>
            <object_component_ref idref="oc-f9"/>
            <object_component_ref idref="oc-11b"/>
            <object_component_ref idref="oc-f4"/>
            <object_component_ref idref="oc-122"/>
            <object_component_ref idref="oc-123"/>
            <object_component_ref idref="oc-118"/>
            <object_component_ref idref="oc-11d"/>
            <object_component_ref idref="oc-11c"/>
            <object_component_ref idref="oc-11a"/>
            <object_component_ref idref="oc-121"/>
            <object_component_ref idref="oc-124"/>
            <object_component_ref idref="oc-127"/>
            <object_component_ref idref="oc-58"/>
            <object_component_ref idref="oc-6e"/>
            <object_component_ref idref="oc-69"/>
            <object_component_ref idref="oc-117"/>
            <object_component_ref idref="oc-119"/>
         </contents>
      </logical_group>
      <logical_group id="lg-5" display="no" color="cyan">
         <name>.cinit</name>
         <load_address>0x17b</load_address>
         <run_address>0x17b</run_address>
         <size>0x22</size>
         <contents>
            <object_component_ref idref="oc-e9"/>
            <object_component_ref idref="oc-3b"/>
            <object_component_ref idref="oc-11f"/>
            <object_component_ref idref="oc-128"/>
         </contents>
      </logical_group>
      <logical_group id="lg-6" display="no" color="cyan">
         <name>.pinit</name>
         <run_address>0x0</run_address>
         <size>0x0</size>
         <contents>
         </contents>
      </logical_group>
      <logical_group id="lg-7" display="no" color="cyan">
         <name>.switch</name>
         <run_address>0x0</run_address>
         <size>0x0</size>
         <contents>
         </contents>
      </logical_group>
      <logical_group id="lg-8" display="no" color="cyan">
         <name>.reset</name>
         <load_address>0x3fffc0</load_address>
         <run_address>0x3fffc0</run_address>
         <size>0x2</size>
         <contents>
            <object_component_ref idref="oc-de"/>
         </contents>
      </logical_group>
      <logical_group id="lg-9" display="no" color="cyan">
         <name>.stack</name>
         <run_address>0x400</run_address>
         <size>0x300</size>
         <contents>
            <object_component_ref idref="oc-dd"/>
            <object_component_ref idref="oc-169"/>
         </contents>
      </logical_group>
      <logical_group id="lg-a" display="no" color="cyan">
         <name>.ebss</name>
         <run_address>0x8a00</run_address>
         <size>0x24</size>
         <contents>
            <object_component_ref idref="oc-3c"/>
            <object_component_ref idref="oc-64"/>
            <object_component_ref idref="oc-ea"/>
            <object_component_ref idref="oc-12a"/>
            <object_component_ref idref="oc-11e"/>
         </contents>
      </logical_group>
      <logical_group id="lg-b" display="no" color="cyan">
         <name>.econst</name>
         <load_address>0x8900</load_address>
         <run_address>0x8900</run_address>
         <size>0x100</size>
         <contents>
            <object_component_ref idref="oc-129"/>
         </contents>
      </logical_group>
      <logical_group id="lg-c" display="no" color="cyan">
         <name>.esysmem</name>
         <run_address>0x0</run_address>
         <size>0x0</size>
         <contents>
         </contents>
      </logical_group>
      <logical_group id="lg-d" display="no" color="cyan">
         <name>IQmath</name>
         <run_address>0x0</run_address>
         <size>0x0</size>
         <contents>
         </contents>
      </logical_group>
      <logical_group id="lg-e" display="no" color="cyan">
         <name>IQmathTables</name>
         <run_address>0x0</run_address>
         <size>0x0</size>
         <contents>
         </contents>
      </logical_group>
      <logical_group id="lg-10" display="no" color="cyan">
         <name>PieVectTableFile</name>
         <run_address>0xd00</run_address>
         <size>0x100</size>
         <contents>
            <object_component_ref idref="oc-db"/>
         </contents>
      </logical_group>
      <logical_group id="lg-12" display="no" color="cyan">
         <name>EmuKeyVar</name>
         <run_address>0xd00</run_address>
         <size>0x1</size>
         <contents>
            <object_component_ref idref="oc-bb"/>
         </contents>
      </logical_group>
      <logical_group id="lg-13" display="no" color="cyan">
         <name>EmuBModeVar</name>
         <run_address>0xd01</run_address>
         <size>0x1</size>
         <contents>
            <object_component_ref idref="oc-bd"/>
         </contents>
      </logical_group>
      <logical_group id="lg-14" display="no" color="cyan">
         <name>FlashCallbackVar</name>
         <run_address>0xd02</run_address>
         <size>0x2</size>
[...]
         <name>_DSP28x_RestoreInt</name>
         <value>0x87c4</value>
         <object_component_ref idref="oc-6e"/>
      </symbol>
      <symbol id="sm-137">
         <name>_InitGpio</name>
         <value>0x878d</value>
         <object_component_ref idref="oc-121"/>
      </symbol>
      <symbol id="sm-15e">
         <name>_InitPieCtrl</name>
         <value>0x86c2</value>
         <object_component_ref idref="oc-122"/>
      </symbol>
      <symbol id="sm-15f">
         <name>_EnableInterrupts</name>
         <value>0x86e1</value>
         <object_component_ref idref="oc-122"/>
      </symbol>
      <symbol id="sm-19d">
         <name>_ILLEGAL_ISR</name>
         <value>0x802c</value>
         <object_component_ref idref="oc-97"/>
      </symbol>
      <symbol id="sm-19e">
         <name>_ADCINT4_ISR</name>
         <value>0x826e</value>
         <object_component_ref idref="oc-97"/>
      </symbol>
      <symbol id="sm-19f">
         <name>_DATALOG_ISR</name>
         <value>0x8010</value>
         <object_component_ref idref="oc-97"/>
      </symbol>
      <symbol id="sm-1a0">
         <name>_SPITXINTA_ISR</name>
         <value>0x81ec</value>
         <object_component_ref idref="oc-97"/>
      </symbol>
      <symbol id="sm-1a1">
         <name>_SPIRXINTA_ISR</name>
         <value>0x81d6</value>
         <object_component_ref idref="oc-97"/>
      </symbol>
      <symbol id="sm-1a2">
         <name>_INT13_ISR</name>
         <value>0x8000</value>
         <object_component_ref idref="oc-97"/>
      </symbol>
      <symbol id="sm-1a3">
         <name>_ADCINT5_ISR</name>
         <value>0x8282</value>
         <object_component_ref idref="oc-97"/>
      </symbol>
      <symbol id="sm-1a4">
         <name>_EPWM4_INT_ISR</name>
         <value>0x81aa</value>
         <object_component_ref idref="oc-97"/>
      </symbol>
      <symbol id="sm-1a5">
         <name>_USER5_ISR</name>
         <value>0x804a</value>
         <object_component_ref idref="oc-97"/>
      </symbol>
      <symbol id="sm-1a6">
         <name>_EPWM4_TZINT_ISR</name>
         <value>0x8152</value>
         <object_component_ref idref="oc-97"/>
      </symbol>
      <symbol id="sm-1a7">
         <name>_EMUINT_ISR</name>
         <value>0x8020</value>
         <object_component_ref idref="oc-97"/>
      </symbol>
      <symbol id="sm-1a8">
         <name>_ECAP1_INT_ISR</name>
         <value>0x81c0</value>
         <object_component_ref idref="oc-97"/>
      </symbol>
      <symbol id="sm-1a9">
         <name>_EPWM1_TZINT_ISR</name>
         <value>0x8110</value>
         <object_component_ref idref="oc-97"/>
      </symbol>
      <symbol id="sm-1aa">
         <name>_ADCINT6_ISR</name>
         <value>0x8296</value>
         <object_component_ref idref="oc-97"/>
      </symbol>
      <symbol id="sm-1ab">
         <name>_ADCINT8_ISR</name>
         <value>0x82c2</value>
         <object_component_ref idref="oc-97"/>
      </symbol>
      <symbol id="sm-1ac">
         <name>_USER11_ISR</name>
         <value>0x806e</value>
         <object_component_ref idref="oc-97"/>
      </symbol>
      <symbol id="sm-1ad">
         <name>_EPWM3_TZINT_ISR</name>
         <value>0x813c</value>
         <object_component_ref idref="oc-97"/>
      </symbol>
      <symbol id="sm-1ae">
         <name>_USER4_ISR</name>
         <value>0x8044</value>
         <object_component_ref idref="oc-97"/>
      </symbol>
      <symbol id="sm-1af">
         <name>_EPWM2_TZINT_ISR</name>
         <value>0x8126</value>
         <object_component_ref idref="oc-97"/>
      </symbol>
      <symbol id="sm-1b0">
         <name>_EPWM2_INT_ISR</name>
         <value>0x817e</value>
         <object_component_ref idref="oc-97"/>
      </symbol>
      <symbol id="sm-1b1">
         <name>_TINT0_ISR</name>
         <value>0x80e4</value>
         <object_component_ref idref="oc-97"/>
      </symbol>
      <symbol id="sm-1b2">
         <name>_WAKEINT_ISR</name>
         <value>0x80fa</value>
         <object_component_ref idref="oc-97"/>
      </symbol>
      <symbol id="sm-1b3">
         <name>_ADCINT7_ISR</name>
         <value>0x82ac</value>
         <object_component_ref idref="oc-97"/>
      </symbol>
      <symbol id="sm-1b4">
         <name>_ADCINT9_ISR</name>
         <value>0x80ce</value>
         <object_component_ref idref="oc-97"/>
      </symbol>
      <symbol id="sm-1b5">
         <name>_USER10_ISR</name>
         <value>0x8068</value>
         <object_component_ref idref="oc-97"/>
      </symbol>
      <symbol id="sm-1b6">
         <name>_USER7_ISR</name>
         <value>0x8056</value>
         <object_component_ref idref="oc-97"/>
      </symbol>
      <symbol id="sm-1b7">
         <name>_XINT1_ISR</name>
         <value>0x80a6</value>
         <object_component_ref idref="oc-97"/>
      </symbol>
      <symbol id="sm-1b8">
         <name>_INT14_ISR</name>
         <value>0x8008</value>
         <object_component_ref idref="oc-97"/>
      </symbol>
      <symbol id="sm-1b9">
         <name>_USER6_ISR</name>
         <value>0x8050</value>
         <object_component_ref idref="oc-97"/>
      </symbol>
      <symbol id="sm-1ba">
         <name>_ADCINT1_ISR</name>
         <value>0x807a</value>
         <object_component_ref idref="oc-97"/>
      </symbol>
      <symbol id="sm-1bb">
         <name>_USER12_ISR</name>
         <value>0x8074</value>
         <object_component_ref idref="oc-97"/>
      </symbol>
      <symbol id="sm-1bc">
         <name>_USER1_ISR</name>
         <value>0x8032</value>
         <object_component_ref idref="oc-97"/>
      </symbol>
      <symbol id="sm-1bd">
         <name>_XINT3_ISR</name>
         <value>0x82d8</value>
         <object_component_ref idref="oc-97"/>
      </symbol>
      <symbol id="sm-1be">
         <name>_NMI_ISR</name>
         <value>0x8026</value>
         <object_component_ref idref="oc-97"/>
      </symbol>
      <symbol id="sm-1bf">
         <name>_ADCINT2_ISR</name>
         <value>0x8090</value>
         <object_component_ref idref="oc-97"/>
      </symbol>
      <symbol id="sm-1c0">
         <name>_PIE_RESERVED</name>
         <value>0x82ee</value>
         <object_component_ref idref="oc-97"/>
      </symbol>
      <symbol id="sm-1c1">
         <name>_I2CINT1A_ISR</name>
         <value>0x8202</value>
         <object_component_ref idref="oc-97"/>
      </symbol>
      <symbol id="sm-1c2">
         <name>_XINT2_ISR</name>
         <value>0x80ba</value>
         <object_component_ref idref="oc-97"/>
      </symbol>
      <symbol id="sm-1c3">
         <name>_I2CINT2A_ISR</name>
         <value>0x8218</value>
         <object_component_ref idref="oc-97"/>
      </symbol>
      <symbol id="sm-1c4">
         <name>_RTOSINT_ISR</name>
         <value>0x8018</value>
         <object_component_ref idref="oc-97"/>
      </symbol>
      <symbol id="sm-1c5">
         <name>_EPWM3_INT_ISR</name>
         <value>0x8194</value>
         <object_component_ref idref="oc-97"/>
      </symbol>
      <symbol id="sm-1c6">
         <name>_ADCINT3_ISR</name>
         <value>0x825a</value>
         <object_component_ref idref="oc-97"/>
      </symbol>
      <symbol id="sm-1c7">
         <name>_USER9_ISR</name>
         <value>0x8062</value>
         <object_component_ref idref="oc-97"/>
      </symbol>
      <symbol id="sm-1c8">
         <name>_USER3_ISR</name>
         <value>0x803e</value>
         <object_component_ref idref="oc-97"/>
      </symbol>
      <symbol id="sm-1c9">
         <name>_USER8_ISR</name>
         <value>0x805c</value>
         <object_component_ref idref="oc-97"/>
      </symbol>
      <symbol id="sm-1ca">
         <name>_EPWM1_INT_ISR</name>
         <value>0x8168</value>
         <object_component_ref idref="oc-97"/>
      </symbol>
      <symbol id="sm-1cb">
         <name>_USER2_ISR</name>
         <value>0x8038</value>
         <object_component_ref idref="oc-97"/>
      </symbol>
      <symbol id="sm-1cc">
         <name>_SCITXINTA_ISR</name>
         <value>0x8244</value>
         <object_component_ref idref="oc-97"/>
      </symbol>
      <symbol id="sm-1cd">
         <name>_SCIRXINTA_ISR</name>
         <value>0x822e</value>
         <object_component_ref idref="oc-97"/>
      </symbol>
      <symbol id="sm-1ce">
         <name>_rsvd_ISR</name>
         <value>0x82f3</value>
         <object_component_ref idref="oc-97"/>
      </symbol>
      <symbol id="sm-1de">
         <name>_PieVectTableInit</name>
         <value>0x8900</value>
         <object_component_ref idref="oc-129"/>
      </symbol>
      <symbol id="sm-1df">
         <name>_InitPieVectTable</name>
         <value>0x86ea</value>
         <object_component_ref idref="oc-123"/>
      </symbol>
      <symbol id="sm-206">
         <name>_InitPll</name>
         <value>0x8324</value>
         <object_component_ref idref="oc-120"/>
      </symbol>
      <symbol id="sm-207">
         <name>_IntOsc1Sel</name>
         <value>0x83dc</value>
         <object_component_ref idref="oc-120"/>
      </symbol>
      <symbol id="sm-208">
         <name>_ExtOscSel</name>
         <value>0x8412</value>
         <object_component_ref idref="oc-120"/>
      </symbol>
      <symbol id="sm-209">
         <name>_DisableDog</name>
         <value>0x831c</value>
         <object_component_ref idref="oc-120"/>
      </symbol>
      <symbol id="sm-20a">
         <name>_InitPeripheralClocks</name>
         <value>0x8379</value>
         <object_component_ref idref="oc-120"/>
      </symbol>
      <symbol id="sm-20b">
         <name>_IntOsc2Sel</name>
         <value>0x83ec</value>
         <object_component_ref idref="oc-120"/>
      </symbol>
      <symbol id="sm-20c">
         <name>_CsmUnlock</name>
         <value>0x83ab</value>
         <object_component_ref idref="oc-120"/>
      </symbol>
      <symbol id="sm-20d">
         <name>_ServiceDog</name>
         <value>0x8312</value>
         <object_component_ref idref="oc-120"/>
      </symbol>
      <symbol id="sm-20e">
         <name>_XtalOscSel</name>
         <value>0x83fe</value>
         <object_component_ref idref="oc-120"/>
      </symbol>
      <symbol id="sm-20f">
         <name>_InitSysCtrl</name>
         <value>0x82f8</value>
         <object_component_ref idref="oc-120"/>
      </symbol>
      <symbol id="sm-224">
         <name>_DSP28x_usDelay</name>
         <value>0x177</value>
         <object_component_ref idref="oc-b5"/>
      </symbol>
      <symbol id="sm-26c">
         <name>_GpioCtrlRegs</name>
         <value>0x6f80</value>
         <object_component_ref idref="oc-d9"/>
      </symbol>
      <symbol id="sm-26d">
         <name>_PieVectTable</name>
         <value>0xd00</value>
         <object_component_ref idref="oc-db"/>
      </symbol>
      <symbol id="sm-26e">
         <name>_SysPwrCtrlRegs</name>
         <value>0x985</value>
         <object_component_ref idref="oc-c0"/>
      </symbol>
      <symbol id="sm-26f">
         <name>_EmuBMode</name>
         <value>0xd01</value>
         <object_component_ref idref="oc-bd"/>
      </symbol>
      <symbol id="sm-270">
         <name>_CsmRegs</name>
         <value>0xae0</value>
         <object_component_ref idref="oc-cb"/>
      </symbol>
      <symbol id="sm-271">
         <name>_AdcResult</name>
         <value>0xb00</value>
         <object_component_ref idref="oc-d3"/>
      </symbol>
      <symbol id="sm-272">
         <name>_EPwm4Regs</name>
         <value>0x68c0</value>
         <object_component_ref idref="oc-d7"/>
      </symbol>
      <symbol id="sm-273">
         <name>_CpuTimer1Regs</name>
         <value>0xc08</value>
         <object_component_ref idref="oc-c4"/>
      </symbol>
      <symbol id="sm-274">
         <name>_SysCtrlRegs</name>
         <value>0x7010</value>
         <object_component_ref idref="oc-d0"/>
      </symbol>
      <symbol id="sm-275">
         <name>_SpiaRegs</name>
         <value>0x7040</value>
         <object_component_ref idref="oc-c8"/>
      </symbol>
      <symbol id="sm-276">
         <name>_FlashRegs</name>
         <value>0xa80</value>
         <object_component_ref idref="oc-c2"/>
      </symbol>
      <symbol id="sm-277">
         <name>_CpuTimer0Regs</name>
         <value>0xc00</value>
         <object_component_ref idref="oc-c3"/>
      </symbol>
      <symbol id="sm-278">
         <name>_DevEmuRegs</name>
         <value>0x880</value>
         <object_component_ref idref="oc-c1"/>
      </symbol>
      <symbol id="sm-279">
         <name>_Comp1Regs</name>
         <value>0x6400</value>
         <object_component_ref idref="oc-ce"/>
      </symbol>
      <symbol id="sm-27a">
         <name>_SciaRegs</name>
         <value>0x7050</value>
         <object_component_ref idref="oc-c9"/>
      </symbol>
      <symbol id="sm-27b">
         <name>_GpioDataRegs</name>
         <value>0x6fc0</value>
         <object_component_ref idref="oc-d1"/>
      </symbol>
      <symbol id="sm-27c">
         <name>_CsmPwl</name>
         <value>0x3f7ff8</value>
         <object_component_ref idref="oc-c6"/>
      </symbol>
      <symbol id="sm-27d">
         <name>_AdcRegs</name>
         <value>0x7100</value>
         <object_component_ref idref="oc-da"/>
      </symbol>
      <symbol id="sm-27e">
         <name>_Comp2Regs</name>
         <value>0x6420</value>
         <object_component_ref idref="oc-cd"/>
      </symbol>
      <symbol id="sm-27f">
         <name>_XIntruptRegs</name>
         <value>0x7070</value>
         <object_component_ref idref="oc-cc"/>
      </symbol>
      <symbol id="sm-280">
         <name>_CpuTimer2Regs</name>
         <value>0xc10</value>
         <object_component_ref idref="oc-c5"/>
      </symbol>
      <symbol id="sm-281">
         <name>_PieCtrlRegs</name>
         <value>0xce0</value>
         <object_component_ref idref="oc-cf"/>
      </symbol>
      <symbol id="sm-282">
         <name>_ECap1Regs</name>
         <value>0x6a00</value>
         <object_component_ref idref="oc-d2"/>
      </symbol>
      <symbol id="sm-283">
         <name>_EmuKey</name>
         <value>0xd00</value>
         <object_component_ref idref="oc-bb"/>
      </symbol>
      <symbol id="sm-284">
         <name>_EPwm1Regs</name>
         <value>0x6800</value>
         <object_component_ref idref="oc-d8"/>
      </symbol>
      <symbol id="sm-285">
         <name>_GpioIntRegs</name>
         <value>0x6fe0</value>
         <object_component_ref idref="oc-c7"/>
      </symbol>
      <symbol id="sm-286">
         <name>_PartIdRegs</name>
         <value>0x3d7fff</value>
         <object_component_ref idref="oc-bc"/>
      </symbol>
      <symbol id="sm-287">
         <name>_Flash_CPUScaleFactor</name>
         <value>0xd04</value>
         <object_component_ref idref="oc-be"/>
      </symbol>
      <symbol id="sm-288">
         <name>_EPwm2Regs</name>
         <value>0x6840</value>
         <object_component_ref idref="oc-d6"/>
      </symbol>
      <symbol id="sm-289">
         <name>_NmiIntruptRegs</name>
         <value>0x7060</value>
         <object_component_ref idref="oc-ca"/>
      </symbol>
      <symbol id="sm-28a">
         <name>_Flash_CallbackPtr</name>
         <value>0xd02</value>
         <object_component_ref idref="oc-bf"/>
      </symbol>
      <symbol id="sm-28b">
         <name>_EPwm3Regs</name>
         <value>0x6880</value>
         <object_component_ref idref="oc-d5"/>
      </symbol>
      <symbol id="sm-28c">
         <name>_I2caRegs</name>
         <value>0x7900</value>
         <object_component_ref idref="oc-d4"/>
      </symbol>
      <symbol id="sm-2a7">
         <name>_c_int00</name>
         <value>0x85f2</value>
         <object_component_ref idref="oc-33"/>
      </symbol>
      <symbol id="sm-2a8">
         <name>__stack</name>
         <value>0x400</value>
         <object_component_ref idref="oc-dd"/>
      </symbol>
      <symbol id="sm-2b7">
         <name>_copy_in</name>
         <value>0x8710</value>
         <object_component_ref idref="oc-118"/>
      </symbol>
      <symbol id="sm-2cb">
         <name>C$$EXIT</name>
         <value>0x8670</value>
         <object_component_ref idref="oc-11b"/>
      </symbol>
      <symbol id="sm-2cc">
         <name>_exit</name>
         <value>0x8672</value>
         <object_component_ref idref="oc-11b"/>
      </symbol>
      <symbol id="sm-2cd">
         <name>___TI_cleanup_ptr</name>
         <value>0x8a1a</value>
         <object_component_ref idref="oc-ea"/>
      </symbol>
      <symbol id="sm-2ce">
         <name>___TI_enable_exit_profile_output</name>
         <value>0x8a18</value>
         <object_component_ref idref="oc-ea"/>
      </symbol>
      <symbol id="sm-2cf">
         <name>_abort</name>
         <value>0x8670</value>
         <object_component_ref idref="oc-11b"/>
      </symbol>
      <symbol id="sm-2d0">
         <name>___TI_dtors_ptr</name>
         <value>0x8a1c</value>
         <object_component_ref idref="oc-ea"/>
      </symbol>
      <symbol id="sm-2e1">
         <name>FS$$MPY</name>
         <value>0x8598</value>
         <object_component_ref idref="oc-ef"/>
      </symbol>
      <symbol id="sm-2f4">
         <name>FS$$TOL</name>
         <value>0x8699</value>
         <object_component_ref idref="oc-f4"/>
      </symbol>
      <symbol id="sm-300">
         <name>UL$$MOD</name>
         <value>0x866a</value>
         <object_component_ref idref="oc-f9"/>
      </symbol>
      <symbol id="sm-301">
         <name>L$$MOD</name>
         <value>0x8655</value>
         <object_component_ref idref="oc-f9"/>
      </symbol>
      <symbol id="sm-302">
         <name>L$$DIV</name>
         <value>0x8646</value>
         <object_component_ref idref="oc-f9"/>
      </symbol>
      <symbol id="sm-303">
         <name>UL$$DIV</name>
         <value>0x8663</value>
         <object_component_ref idref="oc-f9"/>
      </symbol>
      <symbol id="sm-314">
         <name>_memcpy</name>
         <value>0x8757</value>
         <object_component_ref idref="oc-11c"/>
      </symbol>
      <symbol id="sm-320">
         <name>__system_pre_init</name>
         <value>0x87ca</value>
         <object_component_ref idref="oc-117"/>
      </symbol>
      <symbol id="sm-32c">
         <name>__system_post_cinit</name>
         <value>0x87cc</value>
         <object_component_ref idref="oc-119"/>
      </symbol>
      <symbol id="sm-340">
         <name>__unlock</name>
         <value>0x8a22</value>
         <object_component_ref idref="oc-12a"/>
      </symbol>
      <symbol id="sm-341">
         <name>__lock</name>
         <value>0x8a20</value>
         <object_component_ref idref="oc-11e"/>
      </symbol>
      <symbol id="sm-342">
         <name>__register_lock</name>
         <value>0x87b3</value>
         <object_component_ref idref="oc-127"/>
      </symbol>
      <symbol id="sm-343">
         <name>__nop</name>
         <value>0x87b7</value>
         <object_component_ref idref="oc-127"/>
      </symbol>
      <symbol id="sm-344">
         <name>__register_unlock</name>
         <value>0x87af</value>
         <object_component_ref idref="oc-127"/>
      </symbol>
      <symbol id="sm-353">
         <name>__args_main</name>
         <value>0x8774</value>
         <object_component_ref idref="oc-11a"/>
      </symbol>
   </symbol_table>
   <title>Link successful</title>
</link_info>
