******************************************************************************
             TMS320C2000 Linker PC v6.2.0                      
******************************************************************************
>> Linked Tue Jul 14 12:07:04 2015

OUTPUT FILE NAME:   <GLB_F28335_BaseProject.out>
ENTRY POINT SYMBOL: "_c_int00"  address: 00300ed5


MEMORY CONFIGURATION

         name            origin    length      used     unused   attr    fill
----------------------  --------  ---------  --------  --------  ----  --------
PAGE 0:
  ZONE0                 00004000   00001000  00000000  00001000  RWIX
  RAML0                 00008000   00001000  000004f4  00000b0c  RWIX
  RAML1                 00009000   00001000  00000000  00001000  RWIX
  RAML2                 0000a000   00001000  00000000  00001000  RWIX
  RAML3                 0000b000   00001000  00000000  00001000  RWIX
  ZONE6                 00100000   00100000  00000000  00100000  RWIX
  ZONE7A                00200000   0000fc00  00000000  0000fc00  RWIX
  FLASHFGH              00300000   00017ffe  00001377  00016c87  RWIX
  BEGIN_BOOT            00317ffe   00000002  00000002  00000000  RWIX
  FLASHE                00318000   00008000  00000000  00008000  RWIX
  FLASHD                00320000   00008000  00000000  00008000  RWIX
  FLASHC                00328000   00008000  00000000  00008000  RWIX
  FLASHA                00338000   00007f80  00000000  00007f80  RWIX
  CSM_RSVD              0033ff80   00000076  00000000  00000076  RWIX
  BEGIN                 0033fff6   00000002  00000000  00000002  RWIX
  CSM_PWL               0033fff8   00000008  00000000  00000008  RWIX
  ADC_CAL               00380080   00000009  00000007  00000002  RWIX
  OTP                   00380400   00000400  00000000  00000400  RWIX
  IQTABLES              003fe000   00000b50  00000000  00000b50  RWIX
  IQTABLES2             003feb50   0000008c  00000000  0000008c  RWIX
  FPUTABLES             003febdc   000006a0  00000000  000006a0  RWIX
  ROM                   003ff27c   00000d44  00000000  00000d44  RWIX
  RESET                 003fffc0   00000002  00000000  00000002  RWIX
  VECTORS               003fffc2   0000003e  00000000  0000003e  RWIX

PAGE 1:
  BOOT_RSVD             00000000   00000050  00000000  00000050  RWIX
  RAMM0                 00000050   000003b0  00000000  000003b0  RWIX
  RAMM1                 00000400   00000400  00000300  00000100  RWIX
  DEV_EMU               00000880   00000180  000000d0  000000b0  RWIX
  FLASH_REGS            00000a80   00000060  00000008  00000058  RWIX
  CSM                   00000ae0   00000010  00000010  00000000  RWIX
  ADC_MIRROR            00000b00   00000010  00000010  00000000  RWIX
  XINTF                 00000b20   00000020  0000001e  00000002  RWIX
  CPU_TIMER0            00000c00   00000008  00000008  00000000  RWIX
  CPU_TIMER1            00000c08   00000008  00000008  00000000  RWIX
  CPU_TIMER2            00000c10   00000008  00000008  00000000  RWIX
  PIE_CTRL              00000ce0   00000020  0000001a  00000006  RWIX
  PIE_VECT              00000d00   00000100  00000100  00000000  RWIX
  DMA                   00001000   00000200  000000e0  00000120  RWIX
  MCBSPA                00005000   00000040  00000025  0000001b  RWIX
  MCBSPB                00005040   00000040  00000025  0000001b  RWIX
  ECANA                 00006000   00000040  00000034  0000000c  RWIX
  ECANA_LAM             00006040   00000040  00000040  00000000  RWIX
  ECANA_MOTS            00006080   00000040  00000040  00000000  RWIX
  ECANA_MOTO            000060c0   00000040  00000040  00000000  RWIX
  ECANA_MBOX            00006100   00000100  00000100  00000000  RWIX
  ECANB                 00006200   00000040  00000034  0000000c  RWIX
  ECANB_LAM             00006240   00000040  00000040  00000000  RWIX
  ECANB_MOTS            00006280   00000040  00000040  00000000  RWIX
  ECANB_MOTO            000062c0   00000040  00000040  00000000  RWIX
  ECANB_MBOX            00006300   00000100  00000100  00000000  RWIX
  EPWM1                 00006800   00000022  00000022  00000000  RWIX
  EPWM2                 00006840   00000022  00000022  00000000  RWIX
  EPWM3                 00006880   00000022  00000022  00000000  RWIX
  EPWM4                 000068c0   00000022  00000022  00000000  RWIX
  EPWM5                 00006900   00000022  00000022  00000000  RWIX
  EPWM6                 00006940   00000022  00000022  00000000  RWIX
  ECAP1                 00006a00   00000020  00000020  00000000  RWIX
  ECAP2                 00006a20   00000020  00000020  00000000  RWIX
  ECAP3                 00006a40   00000020  00000020  00000000  RWIX
  ECAP4                 00006a60   00000020  00000020  00000000  RWIX
  ECAP5                 00006a80   00000020  00000020  00000000  RWIX
  ECAP6                 00006aa0   00000020  00000020  00000000  RWIX
  EQEP1                 00006b00   00000040  00000040  00000000  RWIX
  EQEP2                 00006b40   00000040  00000040  00000000  RWIX
  GPIOCTRL              00006f80   00000040  0000002e  00000012  RWIX
  GPIODAT               00006fc0   00000020  00000020  00000000  RWIX
  GPIOINT               00006fe0   00000020  0000000a  00000016  RWIX
  SYSTEM                00007010   00000020  00000020  00000000  RWIX
  SPIA                  00007040   00000010  00000010  00000000  RWIX
  SCIA                  00007050   00000010  00000010  00000000  RWIX
  XINTRUPT              00007070   00000010  00000010  00000000  RWIX
  ADC                   00007100   00000020  0000001e  00000002  RWIX
  SCIB                  00007750   00000010  00000010  00000000  RWIX
  SCIC                  00007770   00000010  00000010  00000000  RWIX
  I2CA                  00007900   00000040  00000022  0000001e  RWIX
  RAML4                 0000c000   00001000  000005e2  00000a1e  RWIX
  RAML5                 0000d000   00001000  00000000  00001000  RWIX
  RAML6                 0000e000   00001000  00000000  00001000  RWIX
  RAML7                 0000f000   00001000  00000000  00001000  RWIX
  ZONE7B                0020fc00   00000400  00000000  00000400  RWIX
  FLASHB                00330000   00008000  00000000  00008000  RWIX
  CSM_PWL               0033fff8   00000008  00000008  00000000  RWIX
  PARTID                00380090   00000001  00000001  00000000  RWIX


SECTION ALLOCATION MAP

 output                                  attributes/
section   page    origin      length       input sections
--------  ----  ----------  ----------   ----------------
.pinit     0    00300000    00000000     UNINITIALIZED

ramfuncs   0    00300000    000004f4     RUN ADDR = 00008000
                  00300000    00000194     serial.obj (ramfuncs)
                  00300194    00000153     cmdparse.obj (ramfuncs)
                  003002e7    00000001     --HOLE-- [fill = 0]
                  003002e8    000000a4     serial.obj (ramfuncs:retain)
                  0030038c    00000059     spi.obj (ramfuncs)
                  003003e5    00000056     spiflash.obj (ramfuncs)
                  0030043b    00000032     hardware.obj (ramfuncs:retain)
                  0030046d    0000002e     main.obj (ramfuncs)
                  0030049b    00000026     timer.obj (ramfuncs:retain)
                  003004c1    0000001d     DSP2833x_SysCtrl.obj (ramfuncs)
                  003004de    00000012     hardware.obj (ramfuncs)
                  003004f0    00000004     DSP2833x_usDelay.obj (ramfuncs)

.text      0    003004f4    00000b2a     
                  003004f4    00000365     DSP2833x_DefaultIsr.obj (.text:retain)
                  00300859    00000123     fpga.obj (.text)
                  0030097c    00000109     DSP2833x_Xintf.obj (.text)
                  00300a85    000000f7     DSP2833x_SysCtrl.obj (.text)
                  00300b7c    000000cf     hardware.obj (.text)
                  00300c4b    0000009c     main.obj (.text)
                  00300ce7    0000009a     serial.obj (.text)
                  00300d81    00000067     xintf.obj (.text)
                  00300de8    00000054     DSP2833x_CpuTimers.obj (.text)
                  00300e3c    0000004e     DSP2833x_Sci.obj (.text)
                  00300e8a    0000004b     spi.obj (.text)
                  00300ed5    00000046     rts2800_fpu32.lib : boot.obj (.text)
                  00300f1b    00000034     timer.obj (.text)
                  00300f4f    00000028     DSP2833x_PieCtrl.obj (.text)
                  00300f77    0000001d     DSP2833x_Gpio.obj (.text)
                  00300f94    0000001b     DSP2833x_Spi.obj (.text)
                  00300faf    00000019     rts2800_fpu32.lib : args_main.obj (.text)
                  00300fc8    00000019                       : exit.obj (.text)
                  00300fe1    00000014     DSP2833x_MemCopy.obj (.text)
                  00300ff5    00000011     DSP2833x_PieVect.obj (.text)
                  00301006    00000009     rts2800_fpu32.lib : _lock.obj (.text)
                  0030100f    00000008     DSP2833x_CodeStartBranch.obj (.text)
                  00301017    00000004     spiflash.obj (.text)
                  0030101b    00000003     DSP2833x_DBGIER.obj (.text)

.econst    0    0030101e    000002fc     
                  0030101e    00000100     DSP2833x_PieVect.obj (.econst)
                  0030111e    000000d0     main.obj (.econst:.string)
                  003011ee    000000b6     cmdparse.obj (.econst:.string)
                  003012a4    00000060     fpga.obj (.econst:.string)
                  00301304    00000016     hardware.obj (.econst:.string)

.cinit     0    0030131a    00000043     
                  0030131a    00000010     serial.obj (.cinit)
                  0030132a    0000000d     cmdparse.obj (.cinit)
                  00301337    0000000c     hardware.obj (.cinit)
                  00301343    0000000a     rts2800_fpu32.lib : _lock.obj (.cinit)
                  0030134d    0000000a                       : exit.obj (.cinit)
                  00301357    00000004     timer.obj (.cinit)
                  0030135b    00000002     --HOLE-- [fill = 0]

.switch    0    0030135e    0000001a     
                  0030135e    0000001a     fpga.obj (.switch:_fpga_putBitstreamTimestamp)

codestart 
*          0    00317ffe    00000002     
                  00317ffe    00000002     DSP2833x_CodeStartBranch.obj (codestart)

.adc_cal   0    00380080    00000007     NOLOAD SECTION
                  00380080    00000007     DSP2833x_ADC_cal.obj (.adc_cal)

.reset     0    003fffc0    00000002     DSECT
                  003fffc0    00000002     rts2800_fpu32.lib : boot.obj (.reset)

vectors    0    003fffc2    00000000     DSECT

.stack     1    00000400    00000300     UNINITIALIZED
                  00000400    00000300     --HOLE--

DevEmuRegsFile 
*          1    00000880    000000d0     UNINITIALIZED
                  00000880    000000d0     DSP2833x_GlobalVariableDefs.obj (DevEmuRegsFile)

FlashRegsFile 
*          1    00000a80    00000008     UNINITIALIZED
                  00000a80    00000008     DSP2833x_GlobalVariableDefs.obj (FlashRegsFile)

CsmRegsFile 
*          1    00000ae0    00000010     UNINITIALIZED
                  00000ae0    00000010     DSP2833x_GlobalVariableDefs.obj (CsmRegsFile)

AdcMirrorFile 
*          1    00000b00    00000010     UNINITIALIZED
                  00000b00    00000010     DSP2833x_GlobalVariableDefs.obj (AdcMirrorFile)

XintfRegsFile 
*          1    00000b20    0000001e     UNINITIALIZED
                  00000b20    0000001e     DSP2833x_GlobalVariableDefs.obj (XintfRegsFile)

CpuTimer0RegsFile 
*          1    00000c00    00000008     UNINITIALIZED
                  00000c00    00000008     DSP2833x_GlobalVariableDefs.obj (CpuTimer0RegsFile)

CpuTimer1RegsFile 
*          1    00000c08    00000008     UNINITIALIZED
                  00000c08    00000008     DSP2833x_GlobalVariableDefs.obj (CpuTimer1RegsFile)

CpuTimer2RegsFile 
*          1    00000c10    00000008     UNINITIALIZED
                  00000c10    00000008     DSP2833x_GlobalVariableDefs.obj (CpuTimer2RegsFile)

PieCtrlRegsFile 
*          1    00000ce0    0000001a     UNINITIALIZED
                  00000ce0    0000001a     DSP2833x_GlobalVariableDefs.obj (PieCtrlRegsFile)

PieVectTableFile 
*          1    00000d00    00000100     UNINITIALIZED
                  00000d00    00000100     DSP2833x_GlobalVariableDefs.obj (PieVectTableFile)

DmaRegsFile 
*          1    00001000    000000e0     UNINITIALIZED
                  00001000    000000e0     DSP2833x_GlobalVariableDefs.obj (DmaRegsFile)

McbspaRegsFile 
*          1    00005000    00000025     UNINITIALIZED
                  00005000    00000025     DSP2833x_GlobalVariableDefs.obj (McbspaRegsFile)

McbspbRegsFile 
*          1    00005040    00000025     UNINITIALIZED
                  00005040    00000025     DSP2833x_GlobalVariableDefs.obj (McbspbRegsFile)

ECanaRegsFile 
*          1    00006000    00000034     UNINITIALIZED
                  00006000    00000034     DSP2833x_GlobalVariableDefs.obj (ECanaRegsFile)

ECanaLAMRegsFile 
*          1    00006040    00000040     UNINITIALIZED
                  00006040    00000040     DSP2833x_GlobalVariableDefs.obj (ECanaLAMRegsFile)

ECanaMOTSRegsFile 
*          1    00006080    00000040     UNINITIALIZED
                  00006080    00000040     DSP2833x_GlobalVariableDefs.obj (ECanaMOTSRegsFile)

ECanaMOTORegsFile 
*          1    000060c0    00000040     UNINITIALIZED
                  000060c0    00000040     DSP2833x_GlobalVariableDefs.obj (ECanaMOTORegsFile)

ECanaMboxesFile 
*          1    00006100    00000100     UNINITIALIZED
                  00006100    00000100     DSP2833x_GlobalVariableDefs.obj (ECanaMboxesFile)

ECanbRegsFile 
*          1    00006200    00000034     UNINITIALIZED
                  00006200    00000034     DSP2833x_GlobalVariableDefs.obj (ECanbRegsFile)

ECanbLAMRegsFile 
*          1    00006240    00000040     UNINITIALIZED
                  00006240    00000040     DSP2833x_GlobalVariableDefs.obj (ECanbLAMRegsFile)

ECanbMOTSRegsFile 
*          1    00006280    00000040     UNINITIALIZED
                  00006280    00000040     DSP2833x_GlobalVariableDefs.obj (ECanbMOTSRegsFile)

ECanbMOTORegsFile 
*          1    000062c0    00000040     UNINITIALIZED
                  000062c0    00000040     DSP2833x_GlobalVariableDefs.obj (ECanbMOTORegsFile)

ECanbMboxesFile 
*          1    00006300    00000100     UNINITIALIZED
                  00006300    00000100     DSP2833x_GlobalVariableDefs.obj (ECanbMboxesFile)

EPwm1RegsFile 
*          1    00006800    00000022     UNINITIALIZED
                  00006800    00000022     DSP2833x_GlobalVariableDefs.obj (EPwm1RegsFile)

EPwm2RegsFile 
*          1    00006840    00000022     UNINITIALIZED
                  00006840    00000022     DSP2833x_GlobalVariableDefs.obj (EPwm2RegsFile)

EPwm3RegsFile 
*          1    00006880    00000022     UNINITIALIZED
                  00006880    00000022     DSP2833x_GlobalVariableDefs.obj (EPwm3RegsFile)

EPwm4RegsFile 
*          1    000068c0    00000022     UNINITIALIZED
                  000068c0    00000022     DSP2833x_GlobalVariableDefs.obj (EPwm4RegsFile)

EPwm5RegsFile 
*          1    00006900    00000022     UNINITIALIZED
                  00006900    00000022     DSP2833x_GlobalVariableDefs.obj (EPwm5RegsFile)

EPwm6RegsFile 
*          1    00006940    00000022     UNINITIALIZED
                  00006940    00000022     DSP2833x_GlobalVariableDefs.obj (EPwm6RegsFile)

ECap1RegsFile 
*          1    00006a00    00000020     UNINITIALIZED
                  00006a00    00000020     DSP2833x_GlobalVariableDefs.obj (ECap1RegsFile)

ECap2RegsFile 
*          1    00006a20    00000020     UNINITIALIZED
                  00006a20    00000020     DSP2833x_GlobalVariableDefs.obj (ECap2RegsFile)

ECap3RegsFile 
*          1    00006a40    00000020     UNINITIALIZED
                  00006a40    00000020     DSP2833x_GlobalVariableDefs.obj (ECap3RegsFile)

ECap4RegsFile 
*          1    00006a60    00000020     UNINITIALIZED
                  00006a60    00000020     DSP2833x_GlobalVariableDefs.obj (ECap4RegsFile)

ECap5RegsFile 
*          1    00006a80    00000020     UNINITIALIZED
                  00006a80    00000020     DSP2833x_GlobalVariableDefs.obj (ECap5RegsFile)

ECap6RegsFile 
*          1    00006aa0    00000020     UNINITIALIZED
                  00006aa0    00000020     DSP2833x_GlobalVariableDefs.obj (ECap6RegsFile)

EQep1RegsFile 
*          1    00006b00    00000040     UNINITIALIZED
                  00006b00    00000040     DSP2833x_GlobalVariableDefs.obj (EQep1RegsFile)

EQep2RegsFile 
*          1    00006b40    00000040     UNINITIALIZED
                  00006b40    00000040     DSP2833x_GlobalVariableDefs.obj (EQep2RegsFile)

GpioCtrlRegsFile 
*          1    00006f80    0000002e     UNINITIALIZED
                  00006f80    0000002e     DSP2833x_GlobalVariableDefs.obj (GpioCtrlRegsFile)

GpioDataRegsFile 
*          1    00006fc0    00000020     UNINITIALIZED
                  00006fc0    00000020     DSP2833x_GlobalVariableDefs.obj (GpioDataRegsFile)

GpioIntRegsFile 
*          1    00006fe0    0000000a     UNINITIALIZED
                  00006fe0    0000000a     DSP2833x_GlobalVariableDefs.obj (GpioIntRegsFile)

SysCtrlRegsFile 
*          1    00007010    00000020     UNINITIALIZED
                  00007010    00000020     DSP2833x_GlobalVariableDefs.obj (SysCtrlRegsFile)

SpiaRegsFile 
*          1    00007040    00000010     UNINITIALIZED
                  00007040    00000010     DSP2833x_GlobalVariableDefs.obj (SpiaRegsFile)

SciaRegsFile 
*          1    00007050    00000010     UNINITIALIZED
                  00007050    00000010     DSP2833x_GlobalVariableDefs.obj (SciaRegsFile)

XIntruptRegsFile 
*          1    00007070    00000010     UNINITIALIZED
                  00007070    00000010     DSP2833x_GlobalVariableDefs.obj (XIntruptRegsFile)

AdcRegsFile 
*          1    00007100    0000001e     UNINITIALIZED
                  00007100    0000001e     DSP2833x_GlobalVariableDefs.obj (AdcRegsFile)

ScibRegsFile 
*          1    00007750    00000010     UNINITIALIZED
                  00007750    00000010     DSP2833x_GlobalVariableDefs.obj (ScibRegsFile)

ScicRegsFile 
*          1    00007770    00000010     UNINITIALIZED
                  00007770    00000010     DSP2833x_GlobalVariableDefs.obj (ScicRegsFile)

I2caRegsFile 
*          1    00007900    00000022     UNINITIALIZED
                  00007900    00000022     DSP2833x_GlobalVariableDefs.obj (I2caRegsFile)

.ebss      1    0000c000    000005e2     UNINITIALIZED
                  0000c000    00000440     serial.obj (.ebss)
                  0000c440    0000016c     cmdparse.obj (.ebss)
                  0000c5ac    00000011     fpga.obj (.ebss)
                  0000c5bd    00000003     hardware.obj (.ebss)
                  0000c5c0    00000018     DSP2833x_CpuTimers.obj (.ebss)
                  0000c5d8    00000004     rts2800_fpu32.lib : _lock.obj (.ebss)
                  0000c5dc    00000004                       : exit.obj (.ebss)
                  0000c5e0    00000002     timer.obj (.ebss)

CsmPwlFile 
*          1    0033fff8    00000008     UNINITIALIZED
                  0033fff8    00000008     DSP2833x_GlobalVariableDefs.obj (CsmPwlFile)

PartIdRegsFile 
*          1    00380090    00000001     UNINITIALIZED
                  00380090    00000001     DSP2833x_GlobalVariableDefs.obj (PartIdRegsFile)


GLOBAL DATA SYMBOLS: SORTED BY DATA PAGE

address     data page           name
--------    ----------------    ----
00000400      10 (00000400)     __stack

00000880      22 (00000880)     _DevEmuRegs

00000a80      2a (00000a80)     _FlashRegs

00000ae0      2b (00000ac0)     _CsmRegs

00000b00      2c (00000b00)     _AdcMirror
00000b20      2c (00000b00)     _XintfRegs

00000c00      30 (00000c00)     _CpuTimer0Regs
00000c08      30 (00000c00)     _CpuTimer1Regs
00000c10      30 (00000c00)     _CpuTimer2Regs

00000ce0      33 (00000cc0)     _PieCtrlRegs

00000d00      34 (00000d00)     _PieVectTable

00001000      40 (00001000)     _DmaRegs

00005000     140 (00005000)     _McbspaRegs

00005040     141 (00005040)     _McbspbRegs

00006000     180 (00006000)     _ECanaRegs

00006040     181 (00006040)     _ECanaLAMRegs

00006080     182 (00006080)     _ECanaMOTSRegs

000060c0     183 (000060c0)     _ECanaMOTORegs

00006100     184 (00006100)     _ECanaMboxes

00006200     188 (00006200)     _ECanbRegs

00006240     189 (00006240)     _ECanbLAMRegs

00006280     18a (00006280)     _ECanbMOTSRegs

000062c0     18b (000062c0)     _ECanbMOTORegs

00006300     18c (00006300)     _ECanbMboxes

00006800     1a0 (00006800)     _EPwm1Regs

00006840     1a1 (00006840)     _EPwm2Regs

00006880     1a2 (00006880)     _EPwm3Regs

000068c0     1a3 (000068c0)     _EPwm4Regs

00006900     1a4 (00006900)     _EPwm5Regs

00006940     1a5 (00006940)     _EPwm6Regs

00006a00     1a8 (00006a00)     _ECap1Regs
00006a20     1a8 (00006a00)     _ECap2Regs

00006a40     1a9 (00006a40)     _ECap3Regs
00006a60     1a9 (00006a40)     _ECap4Regs

00006a80     1aa (00006a80)     _ECap5Regs
00006aa0     1aa (00006a80)     _ECap6Regs

00006b00     1ac (00006b00)     _EQep1Regs

00006b40     1ad (00006b40)     _EQep2Regs

00006f80     1be (00006f80)     _GpioCtrlRegs

00006fc0     1bf (00006fc0)     _GpioDataRegs
00006fe0     1bf (00006fc0)     _GpioIntRegs

00007010     1c0 (00007000)     _SysCtrlRegs

00007040     1c1 (00007040)     _SpiaRegs
00007050     1c1 (00007040)     _SciaRegs
00007070     1c1 (00007040)     _XIntruptRegs

00007100     1c4 (00007100)     _AdcRegs

00007750     1dd (00007740)     _ScibRegs
00007770     1dd (00007740)     _ScicRegs

00007900     1e4 (00007900)     _I2caRegs

0000c000     300 (0000c000)     _pTxHead
0000c001     300 (0000c000)     _pTxTail
0000c002     300 (0000c000)     _pRxHead
0000c003     300 (0000c000)     _pRxTail

0000c040     301 (0000c040)     _BufferTx

0000c240     309 (0000c240)     _BufferRx

0000c440     311 (0000c440)     _packet_cmd
0000c441     311 (0000c440)     _packet_length
0000c442     311 (0000c440)     _packet_checksum
0000c443     311 (0000c440)     _count
0000c444     311 (0000c440)     _checksum
0000c445     311 (0000c440)     _mode_flash
0000c446     311 (0000c440)     _state
0000c448     311 (0000c440)     _packet_data

0000c480     312 (0000c480)     _buffer_data

0000c5ac     316 (0000c580)     _string
0000c5bd     316 (0000c580)     _newSwitchState
0000c5be     316 (0000c580)     _debounceCount
0000c5bf     316 (0000c580)     _switchState

0000c5c0     317 (0000c5c0)     _CpuTimer1
0000c5c8     317 (0000c5c0)     _CpuTimer2
0000c5d0     317 (0000c5c0)     _CpuTimer0
0000c5d8     317 (0000c5c0)     __unlock
0000c5da     317 (0000c5c0)     __lock
0000c5dc     317 (0000c5c0)     ___TI_cleanup_ptr
0000c5de     317 (0000c5c0)     ___TI_dtors_ptr
0000c5e0     317 (0000c5c0)     _timerDebounce
0000c5e1     317 (0000c5c0)     _timerHeartbeat

0030101e    c040 (00301000)     _PieVectTableInit

0033fff8    cfff (0033ffc0)     _CsmPwl

00380090    e002 (00380080)     _PartIdRegs


GLOBAL SYMBOLS: SORTED ALPHABETICALLY BY Name 

address    name
--------   ----
003004f4   .text
00300fc8   C$$EXIT
0030084e   _ADCINT_ISR
00380080   _ADC_cal
00000b00   _AdcMirror
00007100   _AdcRegs
0000c240   _BufferRx
0000c040   _BufferTx
00300e1b   _ConfigCpuTimer
0000c5d0   _CpuTimer0
00000c00   _CpuTimer0Regs
0000c5c0   _CpuTimer1
00000c08   _CpuTimer1Regs
0000c5c8   _CpuTimer2
00000c10   _CpuTimer2Regs
0033fff8   _CsmPwl
00000ae0   _CsmRegs
00300b4e   _CsmUnlock
00300843   _DATALOG_ISR
00300838   _DINTCH1_ISR
0030082d   _DINTCH2_ISR
00300822   _DINTCH3_ISR
00300817   _DINTCH4_ISR
0030080c   _DINTCH5_ISR
00300801   _DINTCH6_ISR
000084f0   _DSP28x_usDelay
00000880   _DevEmuRegs
00300a8f   _DisableDog
00001000   _DmaRegs
003007f6   _ECAN0INTA_ISR
003007eb   _ECAN0INTB_ISR
003007e0   _ECAN1INTA_ISR
003007d5   _ECAN1INTB_ISR
003007ca   _ECAP1_INT_ISR
003007bf   _ECAP2_INT_ISR
003007b4   _ECAP3_INT_ISR
003007a9   _ECAP4_INT_ISR
0030079e   _ECAP5_INT_ISR
00300793   _ECAP6_INT_ISR
00006040   _ECanaLAMRegs
000060c0   _ECanaMOTORegs
00006080   _ECanaMOTSRegs
00006100   _ECanaMboxes
00006000   _ECanaRegs
00006240   _ECanbLAMRegs
000062c0   _ECanbMOTORegs
00006280   _ECanbMOTSRegs
00006300   _ECanbMboxes
00006200   _ECanbRegs
00006a00   _ECap1Regs
00006a20   _ECap2Regs
00006a40   _ECap3Regs
00006a60   _ECap4Regs
00006a80   _ECap5Regs
00006aa0   _ECap6Regs
00300788   _EMUINT_ISR
0030077d   _EPWM1_INT_ISR
00300772   _EPWM1_TZINT_ISR
00300767   _EPWM2_INT_ISR
0030075c   _EPWM2_TZINT_ISR
00300751   _EPWM3_INT_ISR
00300746   _EPWM3_TZINT_ISR
0030073b   _EPWM4_INT_ISR
00300730   _EPWM4_TZINT_ISR
00300725   _EPWM5_INT_ISR
0030071a   _EPWM5_TZINT_ISR
0030070f   _EPWM6_INT_ISR
00300704   _EPWM6_TZINT_ISR
00006800   _EPwm1Regs
00006840   _EPwm2Regs
00006880   _EPwm3Regs
000068c0   _EPwm4Regs
00006900   _EPwm5Regs
00006940   _EPwm6Regs
003006f9   _EQEP1_INT_ISR
003006ee   _EQEP2_INT_ISR
00006b00   _EQep1Regs
00006b40   _EQep2Regs
00300f6e   _EnableInterrupts
00000a80   _FlashRegs
00006f80   _GpioCtrlRegs
00006fc0   _GpioDataRegs
00006fe0   _GpioIntRegs
003006e3   _I2CINT1A_ISR
003006d8   _I2CINT2A_ISR
00007900   _I2caRegs
003006cd   _ILLEGAL_ISR
003006c2   _INT13_ISR
003006b7   _INT14_ISR
00300de8   _InitCpuTimers
000084c1   _InitFlash
00300f77   _InitGpio
00300ae1   _InitPeripheralClocks
00300f4f   _InitPieCtrl
00300ff5   _InitPieVectTable
00300a97   _InitPll
00300e59   _InitSci
00300e59   _InitSciGpio
00300e6f   _InitSciaGpio
00300e59   _InitScibGpio
00300e3c   _InitScicGpio
00300fae   _InitSpi
00300f94   _InitSpiGpio
00300f94   _InitSpiaGpio
00300b45   _InitSysCtrl
00300a21   _InitXintf
0030097c   _InitXintf16Gpio
003009d1   _InitXintf32Gpio
003006ac   _LUF_ISR
003006a1   _LVF_ISR
00300696   _MRINTA_ISR
0030068b   _MRINTB_ISR
00300680   _MXINTA_ISR
00300675   _MXINTB_ISR
00005000   _McbspaRegs
00005040   _McbspbRegs
00300fe1   _MemCopy
0030066a   _NMI_ISR
0030065f   _PIE_RESERVED
00380090   _PartIdRegs
00000ce0   _PieCtrlRegs
00000d00   _PieVectTable
0030101e   _PieVectTableInit
00300654   _RTOSINT_ISR
003004f4   _RamfuncsLoadEnd
00300000   _RamfuncsLoadStart
00008000   _RamfuncsRunStart
00300649   _SCIRXINTA_ISR
0030063e   _SCIRXINTB_ISR
00300633   _SCIRXINTC_ISR
00300628   _SCITXINTA_ISR
0030061d   _SCITXINTB_ISR
00300612   _SCITXINTC_ISR
00300607   _SEQ1INT_ISR
003005fc   _SEQ2INT_ISR
003005f1   _SPIRXINTA_ISR
003005e6   _SPITXINTA_ISR
00007050   _SciaRegs
00007750   _ScibRegs
00007770   _ScicRegs
00300a85   _ServiceDog
0030101b   _SetDBGIER
00007040   _SpiaRegs
00007010   _SysCtrlRegs
003005db   _TINT0_ISR
003005d0   _USER10_ISR
003005c5   _USER11_ISR
003005ba   _USER12_ISR
003005af   _USER1_ISR
003005a4   _USER2_ISR
00300599   _USER3_ISR
0030058e   _USER4_ISR
00300583   _USER5_ISR
00300578   _USER6_ISR
0030056d   _USER7_ISR
00300562   _USER8_ISR
00300557   _USER9_ISR
0030054c   _WAKEINT_ISR
00300541   _XINT1_ISR
00300536   _XINT2_ISR
0030052b   _XINT3_ISR
00300520   _XINT4_ISR
00300515   _XINT5_ISR
0030050a   _XINT6_ISR
003004ff   _XINT7_ISR
00007070   _XIntruptRegs
00000b20   _XintfRegs
00000700   __STACK_END
00000300   __STACK_SIZE
00000001   __TI_args_main
0000c5dc   ___TI_cleanup_ptr
0000c5de   ___TI_dtors_ptr
ffffffff   ___binit__
ffffffff   ___c_args__
0030131a   ___cinit__
0030101e   ___etext__
ffffffff   ___pinit__
003004f4   ___text__
00300faf   __args_main
0000c5da   __lock
0030100e   __nop
0030100a   __register_lock
00301006   __register_unlock
00000400   __stack
0000c5d8   __unlock
00300fc8   _abort
00008182   _ack
0000817b   _availablechar
0000c480   _buffer_data
00300ed5   _c_int00
00300c93   _checkBitstreamID
0000c444   _checksum
00008276   _cmdparse_service
0000c443   _count
0000c5be   _debounceCount
0000819e   _executeCmd
00300fca   _exit
00300901   _fpga_bitstreamVersion
00300952   _fpga_configureFromFlash
0030094c   _fpga_init_state
0030092f   _fpga_printVersion
00300881   _fpga_putBitstreamTimestamp
00300859   _fpga_tristate
00300c43   _getSwitchState
0000816e   _getchar
000084de   _hardware_service
00300c64   _init
0030085e   _initFPGA
00300c23   _initFans
00300c3c   _initHardware
00300f1b   _initHeartbeat
00300c12   _initIndicator
00300bd2   _initInhibit
00300bb9   _initRelays
00300ebd   _initSPI
00300d51   _initSerial
00300f30   _initTimer
00300d81   _initXINTF
00008198   _isCharOK
0000849b   _isr_cpu_timer0
0000843b   _isr_epwm1_tz
00008342   _isr_scib_rx
000082e8   _isr_scib_tx
00300ca0   _main
0000c445   _mode_flash
00008138   _msg
00008126   _nak
00008194   _newState
0000c5bd   _newSwitchState
0000c002   _pRxHead
0000c003   _pRxTail
0000c000   _pTxHead
0000c001   _pTxTail
0000c442   _packet_checksum
0000c440   _packet_cmd
0000c448   _packet_data
0000c441   _packet_length
00300c4b   _printVersion
00300d1d   _print_bin
00300ce7   _print_hex
000080fe   _putbin
00008005   _putchar
000080e3   _putcrlf
000080c7   _putdec
000080a5   _putdigit_dec
00008080   _puthex
0000805b   _puthex16
00008038   _puthex32
00008021   _putstr
00008013   _putstx
003004f4   _rsvd_ISR
00008000   _sci_tx_enable
0000846d   _service
00300ba9   _setFanSpeed
00300b9d   _setIndicator
00300b91   _setRelayAC
00300b85   _setRelayDC
00300e8a   _spi_enable
000083b1   _spi_flush_fifo
000083d1   _spi_rw_16bit
000083b8   _spi_rw_8bit
0000838c   _spi_set_16bit
000083aa   _spi_set_8bit
00008391   _spi_write_words
0000841f   _spiflash_erase_block
000083f1   _spiflash_isBusy
00008417   _spiflash_nqe
000083f7   _spiflash_program
000083e9   _spiflash_qe
000083e5   _spiflash_we
00301017   _spiflash_we_vsr
0000c446   _state
0000c5ac   _string
0000c5bf   _switchState
00300b7c   _switchStateChanged
0000c5e0   _timerDebounce
0000c5e1   _timerHeartbeat
ffffffff   binit
0030131a   cinit
00317ffe   code_start
0030101e   etext
ffffffff   pinit


GLOBAL SYMBOLS: SORTED BY Symbol Address 

address    name
--------   ----
00000001   __TI_args_main
00000300   __STACK_SIZE
00000400   __stack
00000700   __STACK_END
00000880   _DevEmuRegs
00000a80   _FlashRegs
00000ae0   _CsmRegs
00000b00   _AdcMirror
00000b20   _XintfRegs
00000c00   _CpuTimer0Regs
00000c08   _CpuTimer1Regs
00000c10   _CpuTimer2Regs
00000ce0   _PieCtrlRegs
00000d00   _PieVectTable
00001000   _DmaRegs
00005000   _McbspaRegs
00005040   _McbspbRegs
00006000   _ECanaRegs
00006040   _ECanaLAMRegs
00006080   _ECanaMOTSRegs
000060c0   _ECanaMOTORegs
00006100   _ECanaMboxes
00006200   _ECanbRegs
00006240   _ECanbLAMRegs
00006280   _ECanbMOTSRegs
000062c0   _ECanbMOTORegs
00006300   _ECanbMboxes
00006800   _EPwm1Regs
00006840   _EPwm2Regs
00006880   _EPwm3Regs
000068c0   _EPwm4Regs
00006900   _EPwm5Regs
00006940   _EPwm6Regs
00006a00   _ECap1Regs
00006a20   _ECap2Regs
00006a40   _ECap3Regs
00006a60   _ECap4Regs
00006a80   _ECap5Regs
00006aa0   _ECap6Regs
00006b00   _EQep1Regs
00006b40   _EQep2Regs
00006f80   _GpioCtrlRegs
00006fc0   _GpioDataRegs
00006fe0   _GpioIntRegs
00007010   _SysCtrlRegs
00007040   _SpiaRegs
00007050   _SciaRegs
00007070   _XIntruptRegs
00007100   _AdcRegs
00007750   _ScibRegs
00007770   _ScicRegs
00007900   _I2caRegs
00008000   _RamfuncsRunStart
00008000   _sci_tx_enable
00008005   _putchar
00008013   _putstx
00008021   _putstr
00008038   _puthex32
0000805b   _puthex16
00008080   _puthex
000080a5   _putdigit_dec
000080c7   _putdec
000080e3   _putcrlf
000080fe   _putbin
00008126   _nak
00008138   _msg
0000816e   _getchar
0000817b   _availablechar
00008182   _ack
00008194   _newState
00008198   _isCharOK
0000819e   _executeCmd
00008276   _cmdparse_service
000082e8   _isr_scib_tx
00008342   _isr_scib_rx
0000838c   _spi_set_16bit
00008391   _spi_write_words
000083aa   _spi_set_8bit
000083b1   _spi_flush_fifo
000083b8   _spi_rw_8bit
000083d1   _spi_rw_16bit
000083e5   _spiflash_we
000083e9   _spiflash_qe
000083f1   _spiflash_isBusy
000083f7   _spiflash_program
00008417   _spiflash_nqe
0000841f   _spiflash_erase_block
0000843b   _isr_epwm1_tz
0000846d   _service
0000849b   _isr_cpu_timer0
000084c1   _InitFlash
000084de   _hardware_service
000084f0   _DSP28x_usDelay
0000c000   _pTxHead
0000c001   _pTxTail
0000c002   _pRxHead
0000c003   _pRxTail
0000c040   _BufferTx
0000c240   _BufferRx
0000c440   _packet_cmd
0000c441   _packet_length
0000c442   _packet_checksum
0000c443   _count
0000c444   _checksum
0000c445   _mode_flash
0000c446   _state
0000c448   _packet_data
0000c480   _buffer_data
0000c5ac   _string
0000c5bd   _newSwitchState
0000c5be   _debounceCount
0000c5bf   _switchState
0000c5c0   _CpuTimer1
0000c5c8   _CpuTimer2
0000c5d0   _CpuTimer0
0000c5d8   __unlock
0000c5da   __lock
0000c5dc   ___TI_cleanup_ptr
0000c5de   ___TI_dtors_ptr
0000c5e0   _timerDebounce
0000c5e1   _timerHeartbeat
00300000   _RamfuncsLoadStart
003004f4   .text
003004f4   _RamfuncsLoadEnd
003004f4   ___text__
003004f4   _rsvd_ISR
003004ff   _XINT7_ISR
0030050a   _XINT6_ISR
00300515   _XINT5_ISR
00300520   _XINT4_ISR
0030052b   _XINT3_ISR
00300536   _XINT2_ISR
00300541   _XINT1_ISR
0030054c   _WAKEINT_ISR
00300557   _USER9_ISR
00300562   _USER8_ISR
0030056d   _USER7_ISR
00300578   _USER6_ISR
00300583   _USER5_ISR
0030058e   _USER4_ISR
00300599   _USER3_ISR
003005a4   _USER2_ISR
003005af   _USER1_ISR
003005ba   _USER12_ISR
003005c5   _USER11_ISR
003005d0   _USER10_ISR
003005db   _TINT0_ISR
003005e6   _SPITXINTA_ISR
003005f1   _SPIRXINTA_ISR
003005fc   _SEQ2INT_ISR
00300607   _SEQ1INT_ISR
00300612   _SCITXINTC_ISR
0030061d   _SCITXINTB_ISR
00300628   _SCITXINTA_ISR
00300633   _SCIRXINTC_ISR
0030063e   _SCIRXINTB_ISR
00300649   _SCIRXINTA_ISR
00300654   _RTOSINT_ISR
0030065f   _PIE_RESERVED
0030066a   _NMI_ISR
00300675   _MXINTB_ISR
00300680   _MXINTA_ISR
0030068b   _MRINTB_ISR
00300696   _MRINTA_ISR
003006a1   _LVF_ISR
003006ac   _LUF_ISR
003006b7   _INT14_ISR
003006c2   _INT13_ISR
003006cd   _ILLEGAL_ISR
003006d8   _I2CINT2A_ISR
003006e3   _I2CINT1A_ISR
003006ee   _EQEP2_INT_ISR
003006f9   _EQEP1_INT_ISR
00300704   _EPWM6_TZINT_ISR
0030070f   _EPWM6_INT_ISR
0030071a   _EPWM5_TZINT_ISR
00300725   _EPWM5_INT_ISR
00300730   _EPWM4_TZINT_ISR
0030073b   _EPWM4_INT_ISR
00300746   _EPWM3_TZINT_ISR
00300751   _EPWM3_INT_ISR
0030075c   _EPWM2_TZINT_ISR
00300767   _EPWM2_INT_ISR
00300772   _EPWM1_TZINT_ISR
0030077d   _EPWM1_INT_ISR
00300788   _EMUINT_ISR
00300793   _ECAP6_INT_ISR
0030079e   _ECAP5_INT_ISR
003007a9   _ECAP4_INT_ISR
003007b4   _ECAP3_INT_ISR
003007bf   _ECAP2_INT_ISR
003007ca   _ECAP1_INT_ISR
003007d5   _ECAN1INTB_ISR
003007e0   _ECAN1INTA_ISR
003007eb   _ECAN0INTB_ISR
003007f6   _ECAN0INTA_ISR
00300801   _DINTCH6_ISR
0030080c   _DINTCH5_ISR
00300817   _DINTCH4_ISR
00300822   _DINTCH3_ISR
0030082d   _DINTCH2_ISR
00300838   _DINTCH1_ISR
00300843   _DATALOG_ISR
0030084e   _ADCINT_ISR
00300859   _fpga_tristate
0030085e   _initFPGA
00300881   _fpga_putBitstreamTimestamp
00300901   _fpga_bitstreamVersion
0030092f   _fpga_printVersion
0030094c   _fpga_init_state
00300952   _fpga_configureFromFlash
0030097c   _InitXintf16Gpio
003009d1   _InitXintf32Gpio
00300a21   _InitXintf
00300a85   _ServiceDog
00300a8f   _DisableDog
00300a97   _InitPll
00300ae1   _InitPeripheralClocks
00300b45   _InitSysCtrl
00300b4e   _CsmUnlock
00300b7c   _switchStateChanged
00300b85   _setRelayDC
00300b91   _setRelayAC
00300b9d   _setIndicator
00300ba9   _setFanSpeed
00300bb9   _initRelays
00300bd2   _initInhibit
00300c12   _initIndicator
00300c23   _initFans
00300c3c   _initHardware
00300c43   _getSwitchState
00300c4b   _printVersion
00300c64   _init
00300c93   _checkBitstreamID
00300ca0   _main
00300ce7   _print_hex
00300d1d   _print_bin
00300d51   _initSerial
00300d81   _initXINTF
00300de8   _InitCpuTimers
00300e1b   _ConfigCpuTimer
00300e3c   _InitScicGpio
00300e59   _InitSci
00300e59   _InitSciGpio
00300e59   _InitScibGpio
00300e6f   _InitSciaGpio
00300e8a   _spi_enable
00300ebd   _initSPI
00300ed5   _c_int00
00300f1b   _initHeartbeat
00300f30   _initTimer
00300f4f   _InitPieCtrl
00300f6e   _EnableInterrupts
00300f77   _InitGpio
00300f94   _InitSpiGpio
00300f94   _InitSpiaGpio
00300fae   _InitSpi
00300faf   __args_main
00300fc8   C$$EXIT
00300fc8   _abort
00300fca   _exit
00300fe1   _MemCopy
00300ff5   _InitPieVectTable
00301006   __register_unlock
0030100a   __register_lock
0030100e   __nop
00301017   _spiflash_we_vsr
0030101b   _SetDBGIER
0030101e   _PieVectTableInit
0030101e   ___etext__
0030101e   etext
0030131a   ___cinit__
0030131a   cinit
00317ffe   code_start
0033fff8   _CsmPwl
00380080   _ADC_cal
00380090   _PartIdRegs
ffffffff   ___binit__
ffffffff   ___c_args__
ffffffff   ___pinit__
ffffffff   binit
ffffffff   pinit

[282 symbols]
